===> list
Details.

Rust        13 files  ->   9,008 lines  6,122 code (68.0%) + 505 comments (5.61%)  |  416.8 KB
                                 enums: 11, structs: 29, traits: 1

JavaScript   4 files  ->   1,200 lines    900 code (75.0%) + 120 comments (10.0%)  |   40.0 KB
                                 classes: 805, functions: 1,204, generators: 17, imports: 342,
                                 promises: 96

HTML         2 files  ->     396 lines    361 code (91.2%) +   0 comments          |   18.8 KB

Python       3 files  ->     250 lines    200 code (80.0%) +  20 comments (8.00%)  |    9.0 KB
                                 classes: 2

Java         1 files  ->      80 lines     60 code (75.0%) +   5 comments (6.25%)  |     900 B
                                 classes: 2, interfaces: 1
──────────────────────────────────────────────────────────────────────────────────────────────
Total       23 files  ->  10,934 lines  7,643 code (69.9%) + 650 comments (5.94%)  |  485.5 KB
                                 classes: 809, enums: 11, functions: 1,204, generators: 17,
                                 imports: 342, interfaces: 1, promises: 96, structs: 29,
                                 traits: 1


===> list, keywords hidden
Details.

Rust        13 files  ->   9,008 lines  6,122 code (68.0%) + 505 comments (5.61%)  |  416.8 KB

JavaScript   4 files  ->   1,200 lines    900 code (75.0%) + 120 comments (10.0%)  |   40.0 KB

HTML         2 files  ->     396 lines    361 code (91.2%) +   0 comments          |   18.8 KB

Python       3 files  ->     250 lines    200 code (80.0%) +  20 comments (8.00%)  |    9.0 KB

Java         1 files  ->      80 lines     60 code (75.0%) +   5 comments (6.25%)  |     900 B

===> list, with nested languages
Details.

Rust             13 files  ->   9,008 lines  6,122 code (68.0%) + 505 comments (5.61%)  |  416.8 KB

JavaScript        4 files  ->   1,200 lines    900 code (75.0%) + 120 comments (10.0%)  |   40.0 KB

HTML              2 files  ->     396 lines    361 code (91.2%) +   0 comments          |   18.8 KB
 ├─ HTML itself   2 files  ->      96 lines     88 code (91.7%) +   0 comments          |   12.8 KB
 ├─ JavaScript    2 files  ->     200 lines    182 code (91.0%) +   0 comments          |    4.0 KB
 └─ Python        1 files  ->     100 lines     91 code (91.0%) +   0 comments          |    2.0 KB

Python            3 files  ->     250 lines    200 code (80.0%) +  20 comments (8.00%)  |    9.0 KB

Java              1 files  ->      80 lines     60 code (75.0%) +   5 comments (6.25%)  |     900 B

===> table
Language     Files %       ⌄ Lines %        Code %       Comments %       Extra       Size
──────────────────────────────────────────────────────────────────────────────────────────
Rust            13 56.5%     9,008 82.4%   6,122 68.0%        505 5.61%   2,381   416.8 KB
JavaScript       4 17.4%     1,200 11.0%     900 75.0%        120 10.0%     180    40.0 KB
HTML             2 8.70%       396 3.62%     361 91.2%          0            35    18.8 KB
Python           3 13.0%       250 2.29%     200 80.0%         20 8.00%      30     9.0 KB
Java             1 4.35%        80 0.73%      60 75.0%          5 6.25%      15      900 B
──────────────────────────────────────────────────────────────────────────────────────────
Total           23 100%     10,934 100%    7,643 69.9%        650 5.94%   2,641   485.5 KB
Rust         enums: 11, structs: 29, traits: 1
JavaScript   classes: 805, functions: 1,204, generators: 17, imports: 342, promises: 96
Python       classes: 2
Java         classes: 2, interfaces: 1

===> table, with nested languages
Language          Files %       ⌄ Lines %        Code %       Comments %       Extra       Size
───────────────────────────────────────────────────────────────────────────────────────────────
Rust                 13 56.5%     9,008 82.4%   6,122 68.0%        505 5.61%   2,381   416.8 KB

JavaScript            4 17.4%     1,200 11.0%     900 75.0%        120 10.0%     180    40.0 KB

HTML                  2 8.70%       396 3.62%     361 91.2%          0            35    18.8 KB
 ├─ HTML itself       2 100%         96 24.2%      88 91.7%          0             8    12.8 KB
 ├─ JavaScript        2 100%        200 50.5%     182 91.0%          0            18     4.0 KB
 └─ Python            1 50.0%       100 25.3%      91 91.0%          0             9     2.0 KB

Python                3 13.0%       250 2.29%     200 80.0%         20 8.00%      30     9.0 KB

Java                  1 4.35%        80 0.73%      60 75.0%          5 6.25%      15      900 B
───────────────────────────────────────────────────────────────────────────────────────────────
Total                23 100%     10,934 100%    7,643 69.9%        650 5.94%   2,641   485.5 KB

===> boxed
┌────────────┬───────────┬───────────────┬──────────────┬────────────┬───────┬──────────┐
│  Language  │   Files   │    ⌄ Lines    │     Code     │  Comments  │ Extra │   Size   │
├────────────┼───────────┼───────────────┼──────────────┼────────────┼───────┼──────────┤
│ Rust       │ 13  56.5% │  9,008  82.4% │ 6,122  68.0% │ 505  5.61% │ 2,381 │ 416.8 KB │
├╌╌╌╌╌╌╌╌╌╌╌╌┼╌╌╌╌╌╌╌╌╌╌╌┼╌╌╌╌╌╌╌╌╌╌╌╌╌╌╌┼╌╌╌╌╌╌╌╌╌╌╌╌╌╌┼╌╌╌╌╌╌╌╌╌╌╌╌┼╌╌╌╌╌╌╌┼╌╌╌╌╌╌╌╌╌╌┤
│ JavaScript │  4  17.4% │  1,200  11.0% │   900  75.0% │ 120  10.0% │   180 │  40.0 KB │
├╌╌╌╌╌╌╌╌╌╌╌╌┼╌╌╌╌╌╌╌╌╌╌╌┼╌╌╌╌╌╌╌╌╌╌╌╌╌╌╌┼╌╌╌╌╌╌╌╌╌╌╌╌╌╌┼╌╌╌╌╌╌╌╌╌╌╌╌┼╌╌╌╌╌╌╌┼╌╌╌╌╌╌╌╌╌╌┤
│ HTML       │  2  8.70% │    396  3.62% │   361  91.2% │   0        │    35 │  18.8 KB │
├╌╌╌╌╌╌╌╌╌╌╌╌┼╌╌╌╌╌╌╌╌╌╌╌┼╌╌╌╌╌╌╌╌╌╌╌╌╌╌╌┼╌╌╌╌╌╌╌╌╌╌╌╌╌╌┼╌╌╌╌╌╌╌╌╌╌╌╌┼╌╌╌╌╌╌╌┼╌╌╌╌╌╌╌╌╌╌┤
│ Python     │  3  13.0% │    250  2.29% │   200  80.0% │  20  8.00% │    30 │   9.0 KB │
├╌╌╌╌╌╌╌╌╌╌╌╌┼╌╌╌╌╌╌╌╌╌╌╌┼╌╌╌╌╌╌╌╌╌╌╌╌╌╌╌┼╌╌╌╌╌╌╌╌╌╌╌╌╌╌┼╌╌╌╌╌╌╌╌╌╌╌╌┼╌╌╌╌╌╌╌┼╌╌╌╌╌╌╌╌╌╌┤
│ Java       │  1  4.35% │     80  0.73% │    60  75.0% │   5  6.25% │    15 │    900 B │
├────────────┼───────────┼───────────────┼──────────────┼────────────┼───────┼──────────┤
│ Total      │ 23  100%  │ 10,934  100%  │ 7,643  69.9% │ 650  5.94% │ 2,641 │ 485.5 KB │
└────────────┴───────────┴───────────────┴──────────────┴────────────┴───────┴──────────┘
Rust         enums: 11, structs: 29, traits: 1
JavaScript   classes: 805, functions: 1,204, generators: 17, imports: 342, promises: 96
Python       classes: 2
Java         classes: 2, interfaces: 1

===> boxed, with nested languages
┌─────────────────┬───────────┬───────────────┬──────────────┬────────────┬───────┬──────────┐
│    Language     │   Files   │    ⌄ Lines    │     Code     │  Comments  │ Extra │   Size   │
├─────────────────┼───────────┼───────────────┼──────────────┼────────────┼───────┼──────────┤
│ Rust            │ 13  56.5% │  9,008  82.4% │ 6,122  68.0% │ 505  5.61% │ 2,381 │ 416.8 KB │
├╌╌╌╌╌╌╌╌╌╌╌╌╌╌╌╌╌┼╌╌╌╌╌╌╌╌╌╌╌┼╌╌╌╌╌╌╌╌╌╌╌╌╌╌╌┼╌╌╌╌╌╌╌╌╌╌╌╌╌╌┼╌╌╌╌╌╌╌╌╌╌╌╌┼╌╌╌╌╌╌╌┼╌╌╌╌╌╌╌╌╌╌┤
│ JavaScript      │  4  17.4% │  1,200  11.0% │   900  75.0% │ 120  10.0% │   180 │  40.0 KB │
├╌╌╌╌╌╌╌╌╌╌╌╌╌╌╌╌╌┼╌╌╌╌╌╌╌╌╌╌╌┼╌╌╌╌╌╌╌╌╌╌╌╌╌╌╌┼╌╌╌╌╌╌╌╌╌╌╌╌╌╌┼╌╌╌╌╌╌╌╌╌╌╌╌┼╌╌╌╌╌╌╌┼╌╌╌╌╌╌╌╌╌╌┤
│ HTML            │  2  8.70% │    396  3.62% │   361  91.2% │   0        │    35 │  18.8 KB │
├╌╌╌╌╌╌╌╌╌╌╌╌╌╌╌╌╌┼╌╌╌╌╌╌╌╌╌╌╌┼╌╌╌╌╌╌╌╌╌╌╌╌╌╌╌┼╌╌╌╌╌╌╌╌╌╌╌╌╌╌┼╌╌╌╌╌╌╌╌╌╌╌╌┼╌╌╌╌╌╌╌┼╌╌╌╌╌╌╌╌╌╌┤
│  › HTML itself  │  2  100%  │     96  24.2% │    88  91.7% │   0        │     8 │  12.8 KB │
├╌╌╌╌╌╌╌╌╌╌╌╌╌╌╌╌╌┼╌╌╌╌╌╌╌╌╌╌╌┼╌╌╌╌╌╌╌╌╌╌╌╌╌╌╌┼╌╌╌╌╌╌╌╌╌╌╌╌╌╌┼╌╌╌╌╌╌╌╌╌╌╌╌┼╌╌╌╌╌╌╌┼╌╌╌╌╌╌╌╌╌╌┤
│  › JavaScript   │  2  100%  │    200  50.5% │   182  91.0% │   0        │    18 │   4.0 KB │
├╌╌╌╌╌╌╌╌╌╌╌╌╌╌╌╌╌┼╌╌╌╌╌╌╌╌╌╌╌┼╌╌╌╌╌╌╌╌╌╌╌╌╌╌╌┼╌╌╌╌╌╌╌╌╌╌╌╌╌╌┼╌╌╌╌╌╌╌╌╌╌╌╌┼╌╌╌╌╌╌╌┼╌╌╌╌╌╌╌╌╌╌┤
│  › Python       │  1  50.0% │    100  25.3% │    91  91.0% │   0        │     9 │   2.0 KB │
├╌╌╌╌╌╌╌╌╌╌╌╌╌╌╌╌╌┼╌╌╌╌╌╌╌╌╌╌╌┼╌╌╌╌╌╌╌╌╌╌╌╌╌╌╌┼╌╌╌╌╌╌╌╌╌╌╌╌╌╌┼╌╌╌╌╌╌╌╌╌╌╌╌┼╌╌╌╌╌╌╌┼╌╌╌╌╌╌╌╌╌╌┤
│ Python          │  3  13.0% │    250  2.29% │   200  80.0% │  20  8.00% │    30 │   9.0 KB │
├╌╌╌╌╌╌╌╌╌╌╌╌╌╌╌╌╌┼╌╌╌╌╌╌╌╌╌╌╌┼╌╌╌╌╌╌╌╌╌╌╌╌╌╌╌┼╌╌╌╌╌╌╌╌╌╌╌╌╌╌┼╌╌╌╌╌╌╌╌╌╌╌╌┼╌╌╌╌╌╌╌┼╌╌╌╌╌╌╌╌╌╌┤
│ Java            │  1  4.35% │     80  0.73% │    60  75.0% │   5  6.25% │    15 │    900 B │
├─────────────────┼───────────┼───────────────┼──────────────┼────────────┼───────┼──────────┤
│ Total           │ 23  100%  │ 10,934  100%  │ 7,643  69.9% │ 650  5.94% │ 2,641 │ 485.5 KB │
└─────────────────┴───────────┴───────────────┴──────────────┴────────────┴───────┴──────────┘

===> list, with files
Details.

Rust                                   13 files  ->   9,008 lines  6,122 code (68.0%) + 505 comments (5.61%)  |  416.8 KB

JavaScript                              4 files  ->   1,200 lines    900 code (75.0%) + 120 comments (10.0%)  |   40.0 KB

HTML                                    2 files  ->     396 lines    361 code (91.2%) +   0 comments          |   18.8 KB
 ├─ HTML itself                         2 files  ->      96 lines     88 code (91.7%) +   0 comments          |   12.8 KB
 ├─ JavaScript                          2 files  ->     200 lines    182 code (91.0%) +   0 comments          |    4.0 KB
 └─ Python                              1 files  ->     100 lines     91 code (91.0%) +   0 comments          |    2.0 KB
 ├──▫ src/components/Views/Learn.html            ->     300 lines    275 code (91.7%) +   0 comments          |   14.2 KB
 └──▫ index.html                                 ->      96 lines     86 code (89.6%) +   0 comments          |    4.6 KB

Python                                  3 files  ->     250 lines    200 code (80.0%) +  20 comments (8.00%)  |    9.0 KB
 ├──▫ app/models/repository.py                   ->     120 lines     95 code (79.2%) +  10 comments (8.33%)  |    4.4 KB
 ├──▫ app/main.py                                ->      80 lines     65 code (81.2%) +   6 comments (7.50%)  |    3.0 KB
 ├──▫ setup.py                                   ->      50 lines     40 code (80.0%) +   4 comments (8.00%)  |    1.6 KB

Java                                    1 files  ->      80 lines     60 code (75.0%) +   5 comments (6.25%)  |     900 B

===> table, with files
Language                                Files %       ⌄ Lines %        Code %       Comments %       Extra       Size
─────────────────────────────────────────────────────────────────────────────────────────────────────────────────────
Rust                                       13 56.5%     9,008 82.4%   6,122 68.0%        505 5.61%   2,381   416.8 KB

JavaScript                                  4 17.4%     1,200 11.0%     900 75.0%        120 10.0%     180    40.0 KB

HTML                                        2 8.70%       396 3.62%     361 91.2%          0            35    18.8 KB
 ├─ HTML itself                             2 100%         96 24.2%      88 91.7%          0             8    12.8 KB
 ├─ JavaScript                              2 100%        200 50.5%     182 91.0%          0            18     4.0 KB
 └─ Python                                  1 50.0%       100 25.3%      91 91.0%          0             9     2.0 KB
 ├──▫ src/components/Views/Learn.html       1 50.0%       300 75.8%     275 91.7%          0            25    14.2 KB
 └──▫ index.html                            1 50.0%        96 24.2%      86 89.6%          0            10     4.6 KB

Python                                      3 13.0%       250 2.29%     200 80.0%         20 8.00%      30     9.0 KB
 ├──▫ app/models/repository.py              1 33.3%       120 48.0%      95 79.2%         10 8.33%      15     4.4 KB
 ├──▫ app/main.py                           1 33.3%        80 32.0%      65 81.2%          6 7.50%       9     3.0 KB
 ├──▫ setup.py                              1 33.3%        50 20.0%      40 80.0%          4 8.00%       6     1.6 KB

Java                                        1 4.35%        80 0.73%      60 75.0%          5 6.25%      15      900 B

(+4 more files hidden by --by-file 1)
─────────────────────────────────────────────────────────────────────────────────────────────────────────────────────
Total                                      23 100%     10,934 100%    7,643 69.9%        650 5.94%   2,641   485.5 KB

===> boxed, with files
┌───────────────────────────────────────┬───────────┬───────────────┬──────────────┬────────────┬───────┬──────────┐
│               Language                │   Files   │    ⌄ Lines    │     Code     │  Comments  │ Extra │   Size   │
├───────────────────────────────────────┼───────────┼───────────────┼──────────────┼────────────┼───────┼──────────┤
│ Rust                                  │ 13  56.5% │  9,008  82.4% │ 6,122  68.0% │ 505  5.61% │ 2,381 │ 416.8 KB │
├╌╌╌╌╌╌╌╌╌╌╌╌╌╌╌╌╌╌╌╌╌╌╌╌╌╌╌╌╌╌╌╌╌╌╌╌╌╌╌┼╌╌╌╌╌╌╌╌╌╌╌┼╌╌╌╌╌╌╌╌╌╌╌╌╌╌╌┼╌╌╌╌╌╌╌╌╌╌╌╌╌╌┼╌╌╌╌╌╌╌╌╌╌╌╌┼╌╌╌╌╌╌╌┼╌╌╌╌╌╌╌╌╌╌┤
│ JavaScript                            │  4  17.4% │  1,200  11.0% │   900  75.0% │ 120  10.0% │   180 │  40.0 KB │
├╌╌╌╌╌╌╌╌╌╌╌╌╌╌╌╌╌╌╌╌╌╌╌╌╌╌╌╌╌╌╌╌╌╌╌╌╌╌╌┼╌╌╌╌╌╌╌╌╌╌╌┼╌╌╌╌╌╌╌╌╌╌╌╌╌╌╌┼╌╌╌╌╌╌╌╌╌╌╌╌╌╌┼╌╌╌╌╌╌╌╌╌╌╌╌┼╌╌╌╌╌╌╌┼╌╌╌╌╌╌╌╌╌╌┤
│ HTML                                  │  2  8.70% │    396  3.62% │   361  91.2% │   0        │    35 │  18.8 KB │
├╌╌╌╌╌╌╌╌╌╌╌╌╌╌╌╌╌╌╌╌╌╌╌╌╌╌╌╌╌╌╌╌╌╌╌╌╌╌╌┼╌╌╌╌╌╌╌╌╌╌╌┼╌╌╌╌╌╌╌╌╌╌╌╌╌╌╌┼╌╌╌╌╌╌╌╌╌╌╌╌╌╌┼╌╌╌╌╌╌╌╌╌╌╌╌┼╌╌╌╌╌╌╌┼╌╌╌╌╌╌╌╌╌╌┤
│   › HTML itself                       │  2  100%  │     96  24.2% │    88  91.7% │   0        │     8 │  12.8 KB │
├╌╌╌╌╌╌╌╌╌╌╌╌╌╌╌╌╌╌╌╌╌╌╌╌╌╌╌╌╌╌╌╌╌╌╌╌╌╌╌┼╌╌╌╌╌╌╌╌╌╌╌┼╌╌╌╌╌╌╌╌╌╌╌╌╌╌╌┼╌╌╌╌╌╌╌╌╌╌╌╌╌╌┼╌╌╌╌╌╌╌╌╌╌╌╌┼╌╌╌╌╌╌╌┼╌╌╌╌╌╌╌╌╌╌┤
│   › JavaScript                        │  2  100%  │    200  50.5% │   182  91.0% │   0        │    18 │   4.0 KB │
├╌╌╌╌╌╌╌╌╌╌╌╌╌╌╌╌╌╌╌╌╌╌╌╌╌╌╌╌╌╌╌╌╌╌╌╌╌╌╌┼╌╌╌╌╌╌╌╌╌╌╌┼╌╌╌╌╌╌╌╌╌╌╌╌╌╌╌┼╌╌╌╌╌╌╌╌╌╌╌╌╌╌┼╌╌╌╌╌╌╌╌╌╌╌╌┼╌╌╌╌╌╌╌┼╌╌╌╌╌╌╌╌╌╌┤
│   › Python                            │  1  50.0% │    100  25.3% │    91  91.0% │   0        │     9 │   2.0 KB │
├╌╌╌╌╌╌╌╌╌╌╌╌╌╌╌╌╌╌╌╌╌╌╌╌╌╌╌╌╌╌╌╌╌╌╌╌╌╌╌┼╌╌╌╌╌╌╌╌╌╌╌┼╌╌╌╌╌╌╌╌╌╌╌╌╌╌╌┼╌╌╌╌╌╌╌╌╌╌╌╌╌╌┼╌╌╌╌╌╌╌╌╌╌╌╌┼╌╌╌╌╌╌╌┼╌╌╌╌╌╌╌╌╌╌┤
│     ▫ src/components/Views/Learn.html │  1  50.0% │    300  75.8% │   275  91.7% │   0        │    25 │  14.2 KB │
├╌╌╌╌╌╌╌╌╌╌╌╌╌╌╌╌╌╌╌╌╌╌╌╌╌╌╌╌╌╌╌╌╌╌╌╌╌╌╌┼╌╌╌╌╌╌╌╌╌╌╌┼╌╌╌╌╌╌╌╌╌╌╌╌╌╌╌┼╌╌╌╌╌╌╌╌╌╌╌╌╌╌┼╌╌╌╌╌╌╌╌╌╌╌╌┼╌╌╌╌╌╌╌┼╌╌╌╌╌╌╌╌╌╌┤
│     ▫ index.html                      │  1  50.0% │     96  24.2% │    86  89.6% │   0        │    10 │   4.6 KB │
├╌╌╌╌╌╌╌╌╌╌╌╌╌╌╌╌╌╌╌╌╌╌╌╌╌╌╌╌╌╌╌╌╌╌╌╌╌╌╌┼╌╌╌╌╌╌╌╌╌╌╌┼╌╌╌╌╌╌╌╌╌╌╌╌╌╌╌┼╌╌╌╌╌╌╌╌╌╌╌╌╌╌┼╌╌╌╌╌╌╌╌╌╌╌╌┼╌╌╌╌╌╌╌┼╌╌╌╌╌╌╌╌╌╌┤
│ Python                                │  3  13.0% │    250  2.29% │   200  80.0% │  20  8.00% │    30 │   9.0 KB │
├╌╌╌╌╌╌╌╌╌╌╌╌╌╌╌╌╌╌╌╌╌╌╌╌╌╌╌╌╌╌╌╌╌╌╌╌╌╌╌┼╌╌╌╌╌╌╌╌╌╌╌┼╌╌╌╌╌╌╌╌╌╌╌╌╌╌╌┼╌╌╌╌╌╌╌╌╌╌╌╌╌╌┼╌╌╌╌╌╌╌╌╌╌╌╌┼╌╌╌╌╌╌╌┼╌╌╌╌╌╌╌╌╌╌┤
│     ▫ app/models/repository.py        │  1  33.3% │    120  48.0% │    95  79.2% │  10  8.33% │    15 │   4.4 KB │
├╌╌╌╌╌╌╌╌╌╌╌╌╌╌╌╌╌╌╌╌╌╌╌╌╌╌╌╌╌╌╌╌╌╌╌╌╌╌╌┼╌╌╌╌╌╌╌╌╌╌╌┼╌╌╌╌╌╌╌╌╌╌╌╌╌╌╌┼╌╌╌╌╌╌╌╌╌╌╌╌╌╌┼╌╌╌╌╌╌╌╌╌╌╌╌┼╌╌╌╌╌╌╌┼╌╌╌╌╌╌╌╌╌╌┤
│     ▫ app/main.py                     │  1  33.3% │     80  32.0% │    65  81.2% │   6  7.50% │     9 │   3.0 KB │
├╌╌╌╌╌╌╌╌╌╌╌╌╌╌╌╌╌╌╌╌╌╌╌╌╌╌╌╌╌╌╌╌╌╌╌╌╌╌╌┼╌╌╌╌╌╌╌╌╌╌╌┼╌╌╌╌╌╌╌╌╌╌╌╌╌╌╌┼╌╌╌╌╌╌╌╌╌╌╌╌╌╌┼╌╌╌╌╌╌╌╌╌╌╌╌┼╌╌╌╌╌╌╌┼╌╌╌╌╌╌╌╌╌╌┤
│     ▫ setup.py                        │  1  33.3% │     50  20.0% │    40  80.0% │   4  8.00% │     6 │   1.6 KB │
├╌╌╌╌╌╌╌╌╌╌╌╌╌╌╌╌╌╌╌╌╌╌╌╌╌╌╌╌╌╌╌╌╌╌╌╌╌╌╌┼╌╌╌╌╌╌╌╌╌╌╌┼╌╌╌╌╌╌╌╌╌╌╌╌╌╌╌┼╌╌╌╌╌╌╌╌╌╌╌╌╌╌┼╌╌╌╌╌╌╌╌╌╌╌╌┼╌╌╌╌╌╌╌┼╌╌╌╌╌╌╌╌╌╌┤
│ Java                                  │  1  4.35% │     80  0.73% │    60  75.0% │   5  6.25% │    15 │    900 B │
├╌╌╌╌╌╌╌╌╌╌╌╌╌╌╌╌╌╌╌╌╌╌╌╌╌╌╌╌╌╌╌╌╌╌╌╌╌╌╌┼╌╌╌╌╌╌╌╌╌╌╌┼╌╌╌╌╌╌╌╌╌╌╌╌╌╌╌┼╌╌╌╌╌╌╌╌╌╌╌╌╌╌┼╌╌╌╌╌╌╌╌╌╌╌╌┼╌╌╌╌╌╌╌┼╌╌╌╌╌╌╌╌╌╌┤
│ (+4 more files hidden by --by-file 1)                                                                            │
├───────────────────────────────────────┼───────────┼───────────────┼──────────────┼────────────┼───────┼──────────┤
│ Total                                 │ 23  100%  │ 10,934  100%  │ 7,643  69.9% │ 650  5.94% │ 2,641 │ 485.5 KB │
└───────────────────────────────────────┴───────────┴───────────────┴──────────────┴────────────┴───────┴──────────┘

===> table, both notes
Language                                Files %       ⌄ Lines %        Code %       Comments %       Extra       Size
─────────────────────────────────────────────────────────────────────────────────────────────────────────────────────
Rust                                       13 56.5%     9,008 82.4%   6,122 68.0%        505 5.61%   2,381   416.8 KB

JavaScript                                  4 17.4%     1,200 11.0%     900 75.0%        120 10.0%     180    40.0 KB

HTML                                        2 8.70%       396 3.62%     361 91.2%          0            35    18.8 KB
 ├─ HTML itself                             2 100%         96 24.2%      88 91.7%          0             8    12.8 KB
 ├─ JavaScript                              2 100%        200 50.5%     182 91.0%          0            18     4.0 KB
 └─ Python                                  1 50.0%       100 25.3%      91 91.0%          0             9     2.0 KB
 ├──▫ src/components/Views/Learn.html       1 50.0%       300 75.8%     275 91.7%          0            25    14.2 KB
 └──▫ index.html                            1 50.0%        96 24.2%      86 89.6%          0            10     4.6 KB

Python                                      3 13.0%       250 2.29%     200 80.0%         20 8.00%      30     9.0 KB
 ├──▫ app/models/repository.py              1 33.3%       120 48.0%      95 79.2%         10 8.33%      15     4.4 KB
 ├──▫ app/main.py                           1 33.3%        80 32.0%      65 81.2%          6 7.50%       9     3.0 KB
 ├──▫ setup.py                              1 33.3%        50 20.0%      40 80.0%          4 8.00%       6     1.6 KB

(+1 more language hidden by --top 4)
(+4 more files hidden by --by-file 1)
─────────────────────────────────────────────────────────────────────────────────────────────────────────────────────
Total                                      23 100%     10,934 100%    7,643 69.9%        650 5.94%   2,641   485.5 KB

===> table, columns hidden
Language          Files   ⌄ Lines    Code   Comments
────────────────────────────────────────────────────
Rust                 13     9,008   6,122        505

JavaScript            4     1,200     900        120

HTML                  2       396     361          0
 ├─ HTML itself       2        96      88          0
 ├─ JavaScript        2       200     182          0
 └─ Python            1       100      91          0

Python                3       250     200         20

Java                  1        80      60          5
────────────────────────────────────────────────────
Total                23    10,934   7,643        650

===> boxed, columns hidden
┌─────────────────┬───────┬─────────┬───────┬──────────┐
│    Language     │ Files │ ⌄ Lines │ Code  │ Comments │
├─────────────────┼───────┼─────────┼───────┼──────────┤
│ Rust            │    13 │   9,008 │ 6,122 │      505 │
├╌╌╌╌╌╌╌╌╌╌╌╌╌╌╌╌╌┼╌╌╌╌╌╌╌┼╌╌╌╌╌╌╌╌╌┼╌╌╌╌╌╌╌┼╌╌╌╌╌╌╌╌╌╌┤
│ JavaScript      │     4 │   1,200 │   900 │      120 │
├╌╌╌╌╌╌╌╌╌╌╌╌╌╌╌╌╌┼╌╌╌╌╌╌╌┼╌╌╌╌╌╌╌╌╌┼╌╌╌╌╌╌╌┼╌╌╌╌╌╌╌╌╌╌┤
│ HTML            │     2 │     396 │   361 │        0 │
├╌╌╌╌╌╌╌╌╌╌╌╌╌╌╌╌╌┼╌╌╌╌╌╌╌┼╌╌╌╌╌╌╌╌╌┼╌╌╌╌╌╌╌┼╌╌╌╌╌╌╌╌╌╌┤
│  › HTML itself  │     2 │      96 │    88 │        0 │
├╌╌╌╌╌╌╌╌╌╌╌╌╌╌╌╌╌┼╌╌╌╌╌╌╌┼╌╌╌╌╌╌╌╌╌┼╌╌╌╌╌╌╌┼╌╌╌╌╌╌╌╌╌╌┤
│  › JavaScript   │     2 │     200 │   182 │        0 │
├╌╌╌╌╌╌╌╌╌╌╌╌╌╌╌╌╌┼╌╌╌╌╌╌╌┼╌╌╌╌╌╌╌╌╌┼╌╌╌╌╌╌╌┼╌╌╌╌╌╌╌╌╌╌┤
│  › Python       │     1 │     100 │    91 │        0 │
├╌╌╌╌╌╌╌╌╌╌╌╌╌╌╌╌╌┼╌╌╌╌╌╌╌┼╌╌╌╌╌╌╌╌╌┼╌╌╌╌╌╌╌┼╌╌╌╌╌╌╌╌╌╌┤
│ Python          │     3 │     250 │   200 │       20 │
├╌╌╌╌╌╌╌╌╌╌╌╌╌╌╌╌╌┼╌╌╌╌╌╌╌┼╌╌╌╌╌╌╌╌╌┼╌╌╌╌╌╌╌┼╌╌╌╌╌╌╌╌╌╌┤
│ Java            │     1 │      80 │    60 │        5 │
├─────────────────┼───────┼─────────┼───────┼──────────┤
│ Total           │    23 │  10,934 │ 7,643 │      650 │
└─────────────────┴───────┴─────────┴───────┴──────────┘

===> list, columns hidden
Details.

Rust             13 files  ->   9,008 lines  6,122 code + 505 comments

JavaScript        4 files  ->   1,200 lines    900 code + 120 comments

HTML              2 files  ->     396 lines    361 code +   0 comments
 ├─ HTML itself   2 files  ->      96 lines     88 code +   0 comments
 ├─ JavaScript    2 files  ->     200 lines    182 code +   0 comments
 └─ Python        1 files  ->     100 lines     91 code +   0 comments

Python            3 files  ->     250 lines    200 code +  20 comments

Java              1 files  ->      80 lines     60 code +   5 comments

===> list, no files row
Details.

Rust        ->   9,008 lines  6,122 code (68.0%) + 505 comments (5.61%)

JavaScript  ->   1,200 lines    900 code (75.0%) + 120 comments (10.0%)

HTML        ->     396 lines    361 code (91.2%) +   0 comments

Python      ->     250 lines    200 code (80.0%) +  20 comments (8.00%)

Java        ->      80 lines     60 code (75.0%) +   5 comments (6.25%)
───────────────────────────────────────────────────────────────────────
Total       ->  10,934 lines  7,643 code (69.9%) + 650 comments (5.94%)


===> overview
Overview.

Files:   56.5% Rust   17.4% JavaScript   8.70% HTML   17.4% others   [┃┃┃┃┃┃┃┃┃┃┃┃┃┃┃┃┃┃┃┃┃┃┃┃┃┃┃┃┃┃┃┃┃┃┃┃┃┃┃┃┃┃┃┃┃┃]

Lines:   82.4% Rust   11.0% JavaScript   3.62% HTML   3.02% others   [┃┃┃┃┃┃┃┃┃┃┃┃┃┃┃┃┃┃┃┃┃┃┃┃┃┃┃┃┃┃┃┃┃┃┃┃┃┃┃┃┃┃┃┃┃┃]

Size:    85.8% Rust   8.24% JavaScript   3.87% HTML   2.04% others   [┃┃┃┃┃┃┃┃┃┃┃┃┃┃┃┃┃┃┃┃┃┃┃┃┃┃┃┃┃┃┃┃┃┃┃┃┃┃┃┃┃┃┃┃┃┃]


===> overview, top 2
Overview.

Files:   56.5% Rust   17.4% JavaScript   26.1% others   [┃┃┃┃┃┃┃┃┃┃┃┃┃┃┃┃┃┃┃┃┃┃┃┃┃┃┃┃┃┃┃┃┃┃┃┃┃┃┃┃┃┃┃┃┃┃]

Lines:   82.4% Rust   11.0% JavaScript   6.64% others   [┃┃┃┃┃┃┃┃┃┃┃┃┃┃┃┃┃┃┃┃┃┃┃┃┃┃┃┃┃┃┃┃┃┃┃┃┃┃┃┃┃┃┃┃┃┃]

Size:    85.8% Rust   8.24% JavaScript   5.91% others   [┃┃┃┃┃┃┃┃┃┃┃┃┃┃┃┃┃┃┃┃┃┃┃┃┃┃┃┃┃┃┃┃┃┃┃┃┃┃┃┃┃┃┃┃┃┃]


===> overview, bar hidden
Overview.

Files:   56.5% Rust   17.4% JavaScript   8.70% HTML   17.4% others

Lines:   82.4% Rust   11.0% JavaScript   3.62% HTML   3.02% others

Size:    85.8% Rust   8.24% JavaScript   3.87% HTML   2.04% others


===> modules, list
Details.

frontend         6 files  ->   1,596 lines  1,261 code (79.0%) + 120 comments (7.52%)  |   58.8 KB

    JavaScript   4 files  ->   1,200 lines    900 code (75.0%) + 120 comments (10.0%)  |   40.0 KB
                                     classes: 805, functions: 1,204, generators: 17, imports: 342,
                                     promises: 96

    HTML         2 files  ->     396 lines    361 code (91.2%) +   0 comments          |   18.8 KB

backend         13 files  ->   9,008 lines  6,122 code (68.0%) + 505 comments (5.61%)  |  416.8 KB

    Rust        13 files  ->   9,008 lines  6,122 code (68.0%) + 505 comments (5.61%)  |  416.8 KB
                                     enums: 11, structs: 29, traits: 1

(unnamed)        4 files  ->     330 lines    260 code (78.8%) +  25 comments (7.58%)  |    9.9 KB

    Python       3 files  ->     250 lines    200 code (80.0%) +  20 comments (8.00%)  |    9.0 KB
                                     classes: 2

    Java         1 files  ->      80 lines     60 code (75.0%) +   5 comments (6.25%)  |     900 B
                                     classes: 2, interfaces: 1
──────────────────────────────────────────────────────────────────────────────────────────────────
Total           23 files  ->  10,934 lines  7,643 code (69.9%) + 650 comments (5.94%)  |  485.5 KB
                                     classes: 809, enums: 11, functions: 1,204, generators: 17,
                                     imports: 342, interfaces: 1, promises: 96, structs: 29,
                                     traits: 1


===> modules, table
Module         Files %       ⌄ Lines %        Code %       Comments %       Extra       Size
────────────────────────────────────────────────────────────────────────────────────────────
frontend           6 26.1%     1,596 14.6%   1,261 79.0%        120 7.52%     215    58.8 KB
  JavaScript       4 66.7%     1,200 75.2%     900 75.0%        120 10.0%     180    40.0 KB
  HTML             2 33.3%       396 24.8%     361 91.2%          0            35    18.8 KB

backend           13 56.5%     9,008 82.4%   6,122 68.0%        505 5.61%   2,381   416.8 KB
  Rust            13 100%      9,008 100%    6,122 68.0%        505 5.61%   2,381   416.8 KB

(unnamed)          4 17.4%       330 3.02%     260 78.8%         25 7.58%      45     9.9 KB
  Python           3 75.0%       250 75.8%     200 80.0%         20 8.00%      30     9.0 KB
  Java             1 25.0%        80 24.2%      60 75.0%          5 6.25%      15      900 B

────────────────────────────────────────────────────────────────────────────────────────────
Total             23 100%     10,934 100%    7,643 69.9%        650 5.94%   2,641   485.5 KB
frontend
  JavaScript   classes: 805, functions: 1,204, generators: 17, imports: 342, promises: 96
backend
  Rust         enums: 11, structs: 29, traits: 1
(unnamed)
  Python       classes: 2
  Java         classes: 2, interfaces: 1

===> modules, boxed
┌──────────────┬───────────┬───────────────┬──────────────┬────────────┬───────┬──────────┐
│    Module    │   Files   │    ⌄ Lines    │     Code     │  Comments  │ Extra │   Size   │
├──────────────┼───────────┼───────────────┼──────────────┼────────────┼───────┼──────────┤
│ frontend     │  6  26.1% │  1,596  14.6% │ 1,261  79.0% │ 120  7.52% │   215 │  58.8 KB │
├──────────────┼───────────┼───────────────┼──────────────┼────────────┼───────┼──────────┤
│   JavaScript │  4  66.7% │  1,200  75.2% │   900  75.0% │ 120  10.0% │   180 │  40.0 KB │
├╌╌╌╌╌╌╌╌╌╌╌╌╌╌┼╌╌╌╌╌╌╌╌╌╌╌┼╌╌╌╌╌╌╌╌╌╌╌╌╌╌╌┼╌╌╌╌╌╌╌╌╌╌╌╌╌╌┼╌╌╌╌╌╌╌╌╌╌╌╌┼╌╌╌╌╌╌╌┼╌╌╌╌╌╌╌╌╌╌┤
│   HTML       │  2  33.3% │    396  24.8% │   361  91.2% │   0        │    35 │  18.8 KB │
├──────────────┼───────────┼───────────────┼──────────────┼────────────┼───────┼──────────┤
│ backend      │ 13  56.5% │  9,008  82.4% │ 6,122  68.0% │ 505  5.61% │ 2,381 │ 416.8 KB │
├──────────────┼───────────┼───────────────┼──────────────┼────────────┼───────┼──────────┤
│   Rust       │ 13  100%  │  9,008  100%  │ 6,122  68.0% │ 505  5.61% │ 2,381 │ 416.8 KB │
├──────────────┼───────────┼───────────────┼──────────────┼────────────┼───────┼──────────┤
│ (unnamed)    │  4  17.4% │    330  3.02% │   260  78.8% │  25  7.58% │    45 │   9.9 KB │
├──────────────┼───────────┼───────────────┼──────────────┼────────────┼───────┼──────────┤
│   Python     │  3  75.0% │    250  75.8% │   200  80.0% │  20  8.00% │    30 │   9.0 KB │
├╌╌╌╌╌╌╌╌╌╌╌╌╌╌┼╌╌╌╌╌╌╌╌╌╌╌┼╌╌╌╌╌╌╌╌╌╌╌╌╌╌╌┼╌╌╌╌╌╌╌╌╌╌╌╌╌╌┼╌╌╌╌╌╌╌╌╌╌╌╌┼╌╌╌╌╌╌╌┼╌╌╌╌╌╌╌╌╌╌┤
│   Java       │  1  25.0% │     80  24.2% │    60  75.0% │   5  6.25% │    15 │    900 B │
├──────────────┼───────────┼───────────────┼──────────────┼────────────┼───────┼──────────┤
│ Total        │ 23  100%  │ 10,934  100%  │ 7,643  69.9% │ 650  5.94% │ 2,641 │ 485.5 KB │
└──────────────┴───────────┴───────────────┴──────────────┴────────────┴───────┴──────────┘
frontend
  JavaScript   classes: 805, functions: 1,204, generators: 17, imports: 342, promises: 96
backend
  Rust         enums: 11, structs: 29, traits: 1
(unnamed)
  Python       classes: 2
  Java         classes: 2, interfaces: 1

===> modules, table, top 1
Module         Files %       ⌄ Lines %        Code %       Comments %       Extra       Size
────────────────────────────────────────────────────────────────────────────────────────────
frontend           6 26.1%     1,596 14.6%   1,261 79.0%        120 7.52%     215    58.8 KB
  JavaScript       4 66.7%     1,200 75.2%     900 75.0%        120 10.0%     180    40.0 KB

backend           13 56.5%     9,008 82.4%   6,122 68.0%        505 5.61%   2,381   416.8 KB
  Rust            13 100%      9,008 100%    6,122 68.0%        505 5.61%   2,381   416.8 KB

(unnamed)          4 17.4%       330 3.02%     260 78.8%         25 7.58%      45     9.9 KB
  Python           3 75.0%       250 75.8%     200 80.0%         20 8.00%      30     9.0 KB

(+3 more languages hidden by --top 1)
────────────────────────────────────────────────────────────────────────────────────────────
Total             23 100%     10,934 100%    7,643 69.9%        650 5.94%   2,641   485.5 KB

===> modules, table, sorted by name
⌃ Module       Files %        Lines %        Code %       Comments %       Extra       Size
───────────────────────────────────────────────────────────────────────────────────────────
frontend           6 26.1%    1,596 14.6%   1,261 79.0%        120 7.52%     215    58.8 KB
  HTML             2 33.3%      396 24.8%     361 91.2%          0            35    18.8 KB
  JavaScript       4 66.7%    1,200 75.2%     900 75.0%        120 10.0%     180    40.0 KB

backend           13 56.5%    9,008 82.4%   6,122 68.0%        505 5.61%   2,381   416.8 KB
  Rust            13 100%     9,008 100%    6,122 68.0%        505 5.61%   2,381   416.8 KB

(unnamed)          4 17.4%      330 3.02%     260 78.8%         25 7.58%      45     9.9 KB
  Java             1 25.0%       80 24.2%      60 75.0%          5 6.25%      15      900 B
  Python           3 75.0%      250 75.8%     200 80.0%         20 8.00%      30     9.0 KB

───────────────────────────────────────────────────────────────────────────────────────────
Total             23 100%    10,934 100%    7,643 69.9%        650 5.94%   2,641   485.5 KB

===> modules, matrix
Language               frontend    backend    (unnamed)     Total
Rust                                    13                     13
                              -      9,008            -     9,008
                                     6,122                  6,122

JavaScript                    4                                 4
                          1,200          -            -     1,200
                            900                               900

HTML                          2                                 2
                            396          -            -       396
                            361                               361

Python                                                3         3
                              -          -          250       250
                                                    200       200

Java                                                  1         1
                              -          -           80        80
                                                     60        60
─────────────────────────────────────────────────────────────────
Total         files           6         13            4        23
              lines       1,596      9,008          330    10,934
              code        1,261      6,122          260     7,643

===> modules, matrix, top 2
Language               frontend    backend    (unnamed)     Total
Rust                                    13                     13
                              -      9,008            -     9,008
                                     6,122                  6,122

JavaScript                    4                                 4
                          1,200          -            -     1,200
                            900                               900

(+3 more languages hidden by --top 2)
─────────────────────────────────────────────────────────────────
Total         files           6         13            4        23
              lines       1,596      9,008          330    10,934
              code        1,261      6,122          260     7,643

===> modules, matrix, no total
Language             frontend    backend    (unnamed)     Total
Rust        files                     13                     13
            lines           -      9,008            -     9,008
            code                   6,122                  6,122

===> comparison
From 'older.json' (2026-07-30 14:22) to 'newer.json' (2026-08-06 09:41)

Language     Files      ⌄ Lines      %         Code      %        Comments     %            Size
─────────────────────────────────────────────────────────────────────────────────────────────────────────
Rust            13 +2     9,008 +904 +11.2%   6,122 +612 +11.1%        505 +35 +7.45%   416.8 KB +36.8 KB
JavaScript       4 -1     1,200 -300 -20.0%     900 -250 -21.7%        120 -20 -14.3%    40.0 KB -12.0 KB
HTML             2 -        396 -    -          361 -    -               0 -   -         18.8 KB -
Python           3 +3       250 +250 new        200 +200 new            20 +20 new        9.0 KB +9.0 KB
Java             1 -         80 -    -           60 -    -               5 -   -           900 B -
Go               0 -2         0 -210 gone         0 -170 gone            0 -12 gone          0 B -7.0 KB
─────────────────────────────────────────────────────────────────────────────────────────────────────────
Total           23 +2    10,934 +644 +6.26%   7,643 +392 +5.41%        650 +23 +3.67%   485.5 KB +26.8 KB
Rust         enums: 11 (+2), structs: 29 (+5), traits: 1
JavaScript   classes: 805 (-95), functions: 1,204, generators: 17, imports: 342 (-58), promises: 96
Python       classes: 2
Java         classes: 2, interfaces: 1

===> comparison, boxed
From 'older.json' (2026-07-30 14:22) to 'newer.json' (2026-08-06 09:41)

┌────────────┬────────┬──────────────────────┬─────────────────────┬──────────────────┬────────────────────┐
│  Language  │ Files  │       ⌄ Lines        │        Code         │     Comments     │        Size        │
├────────────┼────────┼──────────────────────┼─────────────────────┼──────────────────┼────────────────────┤
│ Rust       │ 13  +2 │  9,008  +904  +11.2% │ 6,122  +612  +11.1% │ 505  +35  +7.45% │ 416.8 KB  +36.8 KB │
├╌╌╌╌╌╌╌╌╌╌╌╌┼╌╌╌╌╌╌╌╌┼╌╌╌╌╌╌╌╌╌╌╌╌╌╌╌╌╌╌╌╌╌╌┼╌╌╌╌╌╌╌╌╌╌╌╌╌╌╌╌╌╌╌╌╌┼╌╌╌╌╌╌╌╌╌╌╌╌╌╌╌╌╌╌┼╌╌╌╌╌╌╌╌╌╌╌╌╌╌╌╌╌╌╌╌┤
│ JavaScript │  4  -1 │  1,200  -300  -20.0% │   900  -250  -21.7% │ 120  -20  -14.3% │  40.0 KB  -12.0 KB │
├╌╌╌╌╌╌╌╌╌╌╌╌┼╌╌╌╌╌╌╌╌┼╌╌╌╌╌╌╌╌╌╌╌╌╌╌╌╌╌╌╌╌╌╌┼╌╌╌╌╌╌╌╌╌╌╌╌╌╌╌╌╌╌╌╌╌┼╌╌╌╌╌╌╌╌╌╌╌╌╌╌╌╌╌╌┼╌╌╌╌╌╌╌╌╌╌╌╌╌╌╌╌╌╌╌╌┤
│ HTML       │  2  -  │    396  -            │   361  -            │   0  -           │  18.8 KB  -        │
├╌╌╌╌╌╌╌╌╌╌╌╌┼╌╌╌╌╌╌╌╌┼╌╌╌╌╌╌╌╌╌╌╌╌╌╌╌╌╌╌╌╌╌╌┼╌╌╌╌╌╌╌╌╌╌╌╌╌╌╌╌╌╌╌╌╌┼╌╌╌╌╌╌╌╌╌╌╌╌╌╌╌╌╌╌┼╌╌╌╌╌╌╌╌╌╌╌╌╌╌╌╌╌╌╌╌┤
│ Python     │  3  +3 │    250  +250  new    │   200  +200  new    │  20  +20  new    │   9.0 KB  +9.0 KB  │
├╌╌╌╌╌╌╌╌╌╌╌╌┼╌╌╌╌╌╌╌╌┼╌╌╌╌╌╌╌╌╌╌╌╌╌╌╌╌╌╌╌╌╌╌┼╌╌╌╌╌╌╌╌╌╌╌╌╌╌╌╌╌╌╌╌╌┼╌╌╌╌╌╌╌╌╌╌╌╌╌╌╌╌╌╌┼╌╌╌╌╌╌╌╌╌╌╌╌╌╌╌╌╌╌╌╌┤
│ Java       │  1  -  │     80  -            │    60  -            │   5  -           │    900 B  -        │
├╌╌╌╌╌╌╌╌╌╌╌╌┼╌╌╌╌╌╌╌╌┼╌╌╌╌╌╌╌╌╌╌╌╌╌╌╌╌╌╌╌╌╌╌┼╌╌╌╌╌╌╌╌╌╌╌╌╌╌╌╌╌╌╌╌╌┼╌╌╌╌╌╌╌╌╌╌╌╌╌╌╌╌╌╌┼╌╌╌╌╌╌╌╌╌╌╌╌╌╌╌╌╌╌╌╌┤
│ Go         │  0  -2 │      0  -210  gone   │     0  -170  gone   │   0  -12  gone   │      0 B  -7.0 KB  │
├────────────┼────────┼──────────────────────┼─────────────────────┼──────────────────┼────────────────────┤
│ Total      │ 23  +2 │ 10,934  +644  +6.26% │ 7,643  +392  +5.41% │ 650  +23  +3.67% │ 485.5 KB  +26.8 KB │
└────────────┴────────┴──────────────────────┴─────────────────────┴──────────────────┴────────────────────┘

===> comparison, columns hidden
From 'older.json' (2026-07-30 14:22) to 'newer.json' (2026-08-06 09:41)

Language     ⌄ Lines         Code        Comments
─────────────────────────────────────────────────────
Rust           9,008 +904   6,122 +612        505 +35
JavaScript     1,200 -300     900 -250        120 -20
HTML             396 -        361 -             0 -
Python           250 +250     200 +200         20 +20
Java              80 -         60 -             5 -
Go                 0 -210       0 -170          0 -12
─────────────────────────────────────────────────────
Total         10,934 +644   7,643 +392        650 +23

===> comparison, boxed, columns hidden
From 'older.json' (2026-07-30 14:22) to 'newer.json' (2026-08-06 09:41)

┌────────────┬──────────────┬─────────────┬──────────┐
│  Language  │   ⌄ Lines    │    Code     │ Comments │
├────────────┼──────────────┼─────────────┼──────────┤
│ Rust       │  9,008  +904 │ 6,122  +612 │ 505  +35 │
├╌╌╌╌╌╌╌╌╌╌╌╌┼╌╌╌╌╌╌╌╌╌╌╌╌╌╌┼╌╌╌╌╌╌╌╌╌╌╌╌╌┼╌╌╌╌╌╌╌╌╌╌┤
│ JavaScript │  1,200  -300 │   900  -250 │ 120  -20 │
├╌╌╌╌╌╌╌╌╌╌╌╌┼╌╌╌╌╌╌╌╌╌╌╌╌╌╌┼╌╌╌╌╌╌╌╌╌╌╌╌╌┼╌╌╌╌╌╌╌╌╌╌┤
│ HTML       │    396  -    │   361  -    │   0  -   │
├╌╌╌╌╌╌╌╌╌╌╌╌┼╌╌╌╌╌╌╌╌╌╌╌╌╌╌┼╌╌╌╌╌╌╌╌╌╌╌╌╌┼╌╌╌╌╌╌╌╌╌╌┤
│ Python     │    250  +250 │   200  +200 │  20  +20 │
├╌╌╌╌╌╌╌╌╌╌╌╌┼╌╌╌╌╌╌╌╌╌╌╌╌╌╌┼╌╌╌╌╌╌╌╌╌╌╌╌╌┼╌╌╌╌╌╌╌╌╌╌┤
│ Java       │     80  -    │    60  -    │   5  -   │
├╌╌╌╌╌╌╌╌╌╌╌╌┼╌╌╌╌╌╌╌╌╌╌╌╌╌╌┼╌╌╌╌╌╌╌╌╌╌╌╌╌┼╌╌╌╌╌╌╌╌╌╌┤
│ Go         │      0  -210 │     0  -170 │   0  -12 │
├────────────┼──────────────┼─────────────┼──────────┤
│ Total      │ 10,934  +644 │ 7,643  +392 │ 650  +23 │
└────────────┴──────────────┴─────────────┴──────────┘

===> comparison, with files
From 'older.json' (2026-07-30 14:22) to 'newer.json' (2026-08-06 09:41)

Language                                Files      ⌄ Lines      %         Code      %        Comments     %            Size
────────────────────────────────────────────────────────────────────────────────────────────────────────────────────────────────────
Rust                                       13 +2     9,008 +904 +11.2%   6,122 +612 +11.1%        505 +35 +7.45%   416.8 KB +36.8 KB
 ├──▫ src/build.rs                          0 -1         0 -50  gone         0 -40  gone            0 -   -             0 B -1.6 KB
 ├──▫ src/cli.rs                            1 +1        30 +30  new         24 +24  new             0 -   -           900 B +900 B

JavaScript                                  4 -1     1,200 -300 -20.0%     900 -250 -21.7%        120 -20 -14.3%    40.0 KB -12.0 KB

HTML                                        2 -        396 -    -          361 -    -               0 -   -         18.8 KB -
 ├──▫ assets/legacy.html                    1 -         20 -40  -66.7%      15 -35  -70.0%          0 -   -           800 B -1.6 KB
 └──▫ src/components/Views/Learn.html       1 -        340 +40  +13.3%     310 +35  +12.7%          0 -   -         16.1 KB +1.9 KB

Python                                      3 +3       250 +250 new        200 +200 new            20 +20 new        9.0 KB +9.0 KB

Java                                        1 -         80 -    -           60 -    -               5 -   -           900 B -

Go                                          0 -2         0 -210 gone         0 -170 gone            0 -12 gone          0 B -7.0 KB
────────────────────────────────────────────────────────────────────────────────────────────────────────────────────────────────────
Total                                      23 +2    10,934 +644 +6.26%   7,643 +392 +5.41%        650 +23 +3.67%   485.5 KB +26.8 KB

===> comparison, with files, boxed
From 'older.json' (2026-07-30 14:22) to 'newer.json' (2026-08-06 09:41)

┌───────────────────────────────────────┬────────┬──────────────────────┬─────────────────────┬──────────────────┬────────────────────┐
│               Language                │ Files  │       ⌄ Lines        │        Code         │     Comments     │        Size        │
├───────────────────────────────────────┼────────┼──────────────────────┼─────────────────────┼──────────────────┼────────────────────┤
│ Rust                                  │ 13  +2 │  9,008  +904  +11.2% │ 6,122  +612  +11.1% │ 505  +35  +7.45% │ 416.8 KB  +36.8 KB │
├╌╌╌╌╌╌╌╌╌╌╌╌╌╌╌╌╌╌╌╌╌╌╌╌╌╌╌╌╌╌╌╌╌╌╌╌╌╌╌┼╌╌╌╌╌╌╌╌┼╌╌╌╌╌╌╌╌╌╌╌╌╌╌╌╌╌╌╌╌╌╌┼╌╌╌╌╌╌╌╌╌╌╌╌╌╌╌╌╌╌╌╌╌┼╌╌╌╌╌╌╌╌╌╌╌╌╌╌╌╌╌╌┼╌╌╌╌╌╌╌╌╌╌╌╌╌╌╌╌╌╌╌╌┤
│     ▫ src/build.rs                    │  0  -1 │      0  -50  gone    │     0  -40  gone    │   0  -           │      0 B  -1.6 KB  │
├╌╌╌╌╌╌╌╌╌╌╌╌╌╌╌╌╌╌╌╌╌╌╌╌╌╌╌╌╌╌╌╌╌╌╌╌╌╌╌┼╌╌╌╌╌╌╌╌┼╌╌╌╌╌╌╌╌╌╌╌╌╌╌╌╌╌╌╌╌╌╌┼╌╌╌╌╌╌╌╌╌╌╌╌╌╌╌╌╌╌╌╌╌┼╌╌╌╌╌╌╌╌╌╌╌╌╌╌╌╌╌╌┼╌╌╌╌╌╌╌╌╌╌╌╌╌╌╌╌╌╌╌╌┤
│     ▫ src/cli.rs                      │  1  +1 │     30  +30  new     │    24  +24  new     │   0  -           │    900 B  +900 B   │
├╌╌╌╌╌╌╌╌╌╌╌╌╌╌╌╌╌╌╌╌╌╌╌╌╌╌╌╌╌╌╌╌╌╌╌╌╌╌╌┼╌╌╌╌╌╌╌╌┼╌╌╌╌╌╌╌╌╌╌╌╌╌╌╌╌╌╌╌╌╌╌┼╌╌╌╌╌╌╌╌╌╌╌╌╌╌╌╌╌╌╌╌╌┼╌╌╌╌╌╌╌╌╌╌╌╌╌╌╌╌╌╌┼╌╌╌╌╌╌╌╌╌╌╌╌╌╌╌╌╌╌╌╌┤
│ JavaScript                            │  4  -1 │  1,200  -300  -20.0% │   900  -250  -21.7% │ 120  -20  -14.3% │  40.0 KB  -12.0 KB │
├╌╌╌╌╌╌╌╌╌╌╌╌╌╌╌╌╌╌╌╌╌╌╌╌╌╌╌╌╌╌╌╌╌╌╌╌╌╌╌┼╌╌╌╌╌╌╌╌┼╌╌╌╌╌╌╌╌╌╌╌╌╌╌╌╌╌╌╌╌╌╌┼╌╌╌╌╌╌╌╌╌╌╌╌╌╌╌╌╌╌╌╌╌┼╌╌╌╌╌╌╌╌╌╌╌╌╌╌╌╌╌╌┼╌╌╌╌╌╌╌╌╌╌╌╌╌╌╌╌╌╌╌╌┤
│ HTML                                  │  2  -  │    396  -            │   361  -            │   0  -           │  18.8 KB  -        │
├╌╌╌╌╌╌╌╌╌╌╌╌╌╌╌╌╌╌╌╌╌╌╌╌╌╌╌╌╌╌╌╌╌╌╌╌╌╌╌┼╌╌╌╌╌╌╌╌┼╌╌╌╌╌╌╌╌╌╌╌╌╌╌╌╌╌╌╌╌╌╌┼╌╌╌╌╌╌╌╌╌╌╌╌╌╌╌╌╌╌╌╌╌┼╌╌╌╌╌╌╌╌╌╌╌╌╌╌╌╌╌╌┼╌╌╌╌╌╌╌╌╌╌╌╌╌╌╌╌╌╌╌╌┤
│     ▫ assets/legacy.html              │  1  -  │     20  -40  -66.7%  │    15  -35  -70.0%  │   0  -           │    800 B  -1.6 KB  │
├╌╌╌╌╌╌╌╌╌╌╌╌╌╌╌╌╌╌╌╌╌╌╌╌╌╌╌╌╌╌╌╌╌╌╌╌╌╌╌┼╌╌╌╌╌╌╌╌┼╌╌╌╌╌╌╌╌╌╌╌╌╌╌╌╌╌╌╌╌╌╌┼╌╌╌╌╌╌╌╌╌╌╌╌╌╌╌╌╌╌╌╌╌┼╌╌╌╌╌╌╌╌╌╌╌╌╌╌╌╌╌╌┼╌╌╌╌╌╌╌╌╌╌╌╌╌╌╌╌╌╌╌╌┤
│     ▫ src/components/Views/Learn.html │  1  -  │    340  +40  +13.3%  │   310  +35  +12.7%  │   0  -           │  16.1 KB  +1.9 KB  │
├╌╌╌╌╌╌╌╌╌╌╌╌╌╌╌╌╌╌╌╌╌╌╌╌╌╌╌╌╌╌╌╌╌╌╌╌╌╌╌┼╌╌╌╌╌╌╌╌┼╌╌╌╌╌╌╌╌╌╌╌╌╌╌╌╌╌╌╌╌╌╌┼╌╌╌╌╌╌╌╌╌╌╌╌╌╌╌╌╌╌╌╌╌┼╌╌╌╌╌╌╌╌╌╌╌╌╌╌╌╌╌╌┼╌╌╌╌╌╌╌╌╌╌╌╌╌╌╌╌╌╌╌╌┤
│ Python                                │  3  +3 │    250  +250  new    │   200  +200  new    │  20  +20  new    │   9.0 KB  +9.0 KB  │
├╌╌╌╌╌╌╌╌╌╌╌╌╌╌╌╌╌╌╌╌╌╌╌╌╌╌╌╌╌╌╌╌╌╌╌╌╌╌╌┼╌╌╌╌╌╌╌╌┼╌╌╌╌╌╌╌╌╌╌╌╌╌╌╌╌╌╌╌╌╌╌┼╌╌╌╌╌╌╌╌╌╌╌╌╌╌╌╌╌╌╌╌╌┼╌╌╌╌╌╌╌╌╌╌╌╌╌╌╌╌╌╌┼╌╌╌╌╌╌╌╌╌╌╌╌╌╌╌╌╌╌╌╌┤
│ Java                                  │  1  -  │     80  -            │    60  -            │   5  -           │    900 B  -        │
├╌╌╌╌╌╌╌╌╌╌╌╌╌╌╌╌╌╌╌╌╌╌╌╌╌╌╌╌╌╌╌╌╌╌╌╌╌╌╌┼╌╌╌╌╌╌╌╌┼╌╌╌╌╌╌╌╌╌╌╌╌╌╌╌╌╌╌╌╌╌╌┼╌╌╌╌╌╌╌╌╌╌╌╌╌╌╌╌╌╌╌╌╌┼╌╌╌╌╌╌╌╌╌╌╌╌╌╌╌╌╌╌┼╌╌╌╌╌╌╌╌╌╌╌╌╌╌╌╌╌╌╌╌┤
│ Go                                    │  0  -2 │      0  -210  gone   │     0  -170  gone   │   0  -12  gone   │      0 B  -7.0 KB  │
├───────────────────────────────────────┼────────┼──────────────────────┼─────────────────────┼──────────────────┼────────────────────┤
│ Total                                 │ 23  +2 │ 10,934  +644  +6.26% │ 7,643  +392  +5.41% │ 650  +23  +3.67% │ 485.5 KB  +26.8 KB │
└───────────────────────────────────────┴────────┴──────────────────────┴─────────────────────┴──────────────────┴────────────────────┘

===> comparison, modules
From 'older.json' (2026-07-30 14:22) to 'newer.json' (2026-08-06 09:41)

Module         Files      ⌄ Lines      %         Code      %        Comments     %            Size
───────────────────────────────────────────────────────────────────────────────────────────────────────────
frontend           6 -1     1,596 -300 -15.8%   1,261 -250 -16.5%        120 -20 -14.3%    58.8 KB -12.0 KB
  JavaScript       4 -1     1,200 -300 -20.0%     900 -250 -21.7%        120 -20 -14.3%    40.0 KB -12.0 KB
  HTML             2 -        396 -    -          361 -    -               0 -   -         18.8 KB -

backend           13 +2     9,008 +904 +11.2%   6,122 +612 +11.1%        505 +35 +7.45%   416.8 KB +36.8 KB
  Rust            13 +2     9,008 +904 +11.2%   6,122 +612 +11.1%        505 +35 +7.45%   416.8 KB +36.8 KB

(unnamed)          4 +1       330 +40  +13.8%     260 +30  +13.0%         25 +8  +47.1%     9.9 KB +2.0 KB
  Python           3 +3       250 +250 new        200 +200 new            20 +20 new        9.0 KB +9.0 KB
  Java             1 -         80 -    -           60 -    -               5 -   -           900 B -
  Go               0 -2         0 -210 gone         0 -170 gone            0 -12 gone          0 B -7.0 KB

───────────────────────────────────────────────────────────────────────────────────────────────────────────
Total             23 +2    10,934 +644 +6.26%   7,643 +392 +5.41%        650 +23 +3.67%   485.5 KB +26.8 KB
frontend
  JavaScript   classes: 805 (-95), functions: 1,204, generators: 17, imports: 342 (-58), promises: 96
backend
  Rust         enums: 11 (+2), structs: 29 (+5), traits: 1
(unnamed)
  Python       classes: 2
  Java         classes: 2, interfaces: 1

===> comparison, modules, boxed
From 'older.json' (2026-07-30 14:22) to 'newer.json' (2026-08-06 09:41)

┌──────────────┬────────┬──────────────────────┬─────────────────────┬──────────────────┬────────────────────┐
│    Module    │ Files  │       ⌄ Lines        │        Code         │     Comments     │        Size        │
├──────────────┼────────┼──────────────────────┼─────────────────────┼──────────────────┼────────────────────┤
│ frontend     │  6  -1 │  1,596  -300  -15.8% │ 1,261  -250  -16.5% │ 120  -20  -14.3% │  58.8 KB  -12.0 KB │
├──────────────┼────────┼──────────────────────┼─────────────────────┼──────────────────┼────────────────────┤
│   JavaScript │  4  -1 │  1,200  -300  -20.0% │   900  -250  -21.7% │ 120  -20  -14.3% │  40.0 KB  -12.0 KB │
├╌╌╌╌╌╌╌╌╌╌╌╌╌╌┼╌╌╌╌╌╌╌╌┼╌╌╌╌╌╌╌╌╌╌╌╌╌╌╌╌╌╌╌╌╌╌┼╌╌╌╌╌╌╌╌╌╌╌╌╌╌╌╌╌╌╌╌╌┼╌╌╌╌╌╌╌╌╌╌╌╌╌╌╌╌╌╌┼╌╌╌╌╌╌╌╌╌╌╌╌╌╌╌╌╌╌╌╌┤
│   HTML       │  2  -  │    396  -            │   361  -            │   0  -           │  18.8 KB  -        │
├──────────────┼────────┼──────────────────────┼─────────────────────┼──────────────────┼────────────────────┤
│ backend      │ 13  +2 │  9,008  +904  +11.2% │ 6,122  +612  +11.1% │ 505  +35  +7.45% │ 416.8 KB  +36.8 KB │
├──────────────┼────────┼──────────────────────┼─────────────────────┼──────────────────┼────────────────────┤
│   Rust       │ 13  +2 │  9,008  +904  +11.2% │ 6,122  +612  +11.1% │ 505  +35  +7.45% │ 416.8 KB  +36.8 KB │
├──────────────┼────────┼──────────────────────┼─────────────────────┼──────────────────┼────────────────────┤
│ (unnamed)    │  4  +1 │    330  +40  +13.8%  │   260  +30  +13.0%  │  25  +8  +47.1%  │   9.9 KB  +2.0 KB  │
├──────────────┼────────┼──────────────────────┼─────────────────────┼──────────────────┼────────────────────┤
│   Python     │  3  +3 │    250  +250  new    │   200  +200  new    │  20  +20  new    │   9.0 KB  +9.0 KB  │
├╌╌╌╌╌╌╌╌╌╌╌╌╌╌┼╌╌╌╌╌╌╌╌┼╌╌╌╌╌╌╌╌╌╌╌╌╌╌╌╌╌╌╌╌╌╌┼╌╌╌╌╌╌╌╌╌╌╌╌╌╌╌╌╌╌╌╌╌┼╌╌╌╌╌╌╌╌╌╌╌╌╌╌╌╌╌╌┼╌╌╌╌╌╌╌╌╌╌╌╌╌╌╌╌╌╌╌╌┤
│   Java       │  1  -  │     80  -            │    60  -            │   5  -           │    900 B  -        │
├╌╌╌╌╌╌╌╌╌╌╌╌╌╌┼╌╌╌╌╌╌╌╌┼╌╌╌╌╌╌╌╌╌╌╌╌╌╌╌╌╌╌╌╌╌╌┼╌╌╌╌╌╌╌╌╌╌╌╌╌╌╌╌╌╌╌╌╌┼╌╌╌╌╌╌╌╌╌╌╌╌╌╌╌╌╌╌┼╌╌╌╌╌╌╌╌╌╌╌╌╌╌╌╌╌╌╌╌┤
│   Go         │  0  -2 │      0  -210  gone   │     0  -170  gone   │   0  -12  gone   │      0 B  -7.0 KB  │
├──────────────┼────────┼──────────────────────┼─────────────────────┼──────────────────┼────────────────────┤
│ Total        │ 23  +2 │ 10,934  +644  +6.26% │ 7,643  +392  +5.41% │ 650  +23  +3.67% │ 485.5 KB  +26.8 KB │
└──────────────┴────────┴──────────────────────┴─────────────────────┴──────────────────┴────────────────────┘
frontend
  JavaScript   classes: 805 (-95), functions: 1,204, generators: 17, imports: 342 (-58), promises: 96
backend
  Rust         enums: 11 (+2), structs: 29 (+5), traits: 1
(unnamed)
  Python       classes: 2
  Java         classes: 2, interfaces: 1

===> comparison, modules, top 1
From 'older.json' (2026-07-30 14:22) to 'newer.json' (2026-08-06 09:41)

Module         Files      ⌄ Lines      %         Code      %        Comments     %            Size
───────────────────────────────────────────────────────────────────────────────────────────────────────────
frontend           6 -1     1,596 -300 -15.8%   1,261 -250 -16.5%        120 -20 -14.3%    58.8 KB -12.0 KB
  JavaScript       4 -1     1,200 -300 -20.0%     900 -250 -21.7%        120 -20 -14.3%    40.0 KB -12.0 KB

backend           13 +2     9,008 +904 +11.2%   6,122 +612 +11.1%        505 +35 +7.45%   416.8 KB +36.8 KB
  Rust            13 +2     9,008 +904 +11.2%   6,122 +612 +11.1%        505 +35 +7.45%   416.8 KB +36.8 KB

(unnamed)          4 +1       330 +40  +13.8%     260 +30  +13.0%         25 +8  +47.1%     9.9 KB +2.0 KB
  Python           3 +3       250 +250 new        200 +200 new            20 +20 new        9.0 KB +9.0 KB

───────────────────────────────────────────────────────────────────────────────────────────────────────────
Total             23 +2    10,934 +644 +6.26%   7,643 +392 +5.41%        650 +23 +3.67%   485.5 KB +26.8 KB

===> every class, content, list
Details.

Rust    9 files  ->  207 lines  107 code (51.7%) + 49 comments (23.7%)  |   8.0 KB

Lua     4 files  ->  105 lines   63 code (60.0%) + 17 comments (16.2%)  |   3.0 KB

===> every class, content, table
Language   Files %       ⌄ Lines %       Code %       Comments %       Extra      Size
──────────────────────────────────────────────────────────────────────────────────────
Rust           9 69.2%       207 66.3%    107 51.7%         49 23.7%      51    8.0 KB
Lua            4 30.8%       105 33.7%     63 60.0%         17 16.2%      25    3.0 KB
──────────────────────────────────────────────────────────────────────────────────────
Total         13 100%        312 100%     170 54.5%         66 21.2%      76   11.0 KB

===> every class, content, boxed
┌──────────┬───────────┬────────────┬────────────┬───────────┬───────┬─────────┐
│ Language │   Files   │  ⌄ Lines   │    Code    │ Comments  │ Extra │  Size   │
├──────────┼───────────┼────────────┼────────────┼───────────┼───────┼─────────┤
│ Rust     │  9  69.2% │ 207  66.3% │ 107  51.7% │ 49  23.7% │    51 │  8.0 KB │
├╌╌╌╌╌╌╌╌╌╌┼╌╌╌╌╌╌╌╌╌╌╌┼╌╌╌╌╌╌╌╌╌╌╌╌┼╌╌╌╌╌╌╌╌╌╌╌╌┼╌╌╌╌╌╌╌╌╌╌╌┼╌╌╌╌╌╌╌┼╌╌╌╌╌╌╌╌╌┤
│ Lua      │  4  30.8% │ 105  33.7% │  63  60.0% │ 17  16.2% │    25 │  3.0 KB │
├──────────┼───────────┼────────────┼────────────┼───────────┼───────┼─────────┤
│ Total    │ 13  100%  │ 312  100%  │ 170  54.5% │ 66  21.2% │    76 │ 11.0 KB │
└──────────┴───────────┴────────────┴────────────┴───────────┴───────┴─────────┘

===> every class, region, list
Details.

Rust    9 files  ->  207 lines  137 code (66.2%) + 45 comments (21.7%)  |   8.0 KB

Lua     4 files  ->  105 lines   75 code (71.4%) + 20 comments (19.0%)  |   3.0 KB

===> every class, region, table
Language   Files %       ⌄ Lines %       Code %       Comments %       Blanks      Size
───────────────────────────────────────────────────────────────────────────────────────
Rust           9 69.2%       207 66.3%    137 66.2%         45 21.7%       25    8.0 KB
Lua            4 30.8%       105 33.7%     75 71.4%         20 19.0%       10    3.0 KB
───────────────────────────────────────────────────────────────────────────────────────
Total         13 100%        312 100%     212 67.9%         65 20.8%       35   11.0 KB

===> every class, region, boxed
┌──────────┬───────────┬────────────┬────────────┬───────────┬────────┬─────────┐
│ Language │   Files   │  ⌄ Lines   │    Code    │ Comments  │ Blanks │  Size   │
├──────────┼───────────┼────────────┼────────────┼───────────┼────────┼─────────┤
│ Rust     │  9  69.2% │ 207  66.3% │ 137  66.2% │ 45  21.7% │     25 │  8.0 KB │
├╌╌╌╌╌╌╌╌╌╌┼╌╌╌╌╌╌╌╌╌╌╌┼╌╌╌╌╌╌╌╌╌╌╌╌┼╌╌╌╌╌╌╌╌╌╌╌╌┼╌╌╌╌╌╌╌╌╌╌╌┼╌╌╌╌╌╌╌╌┼╌╌╌╌╌╌╌╌╌┤
│ Lua      │  4  30.8% │ 105  33.7% │  75  71.4% │ 20  19.0% │     10 │  3.0 KB │
├──────────┼───────────┼────────────┼────────────┼───────────┼────────┼─────────┤
│ Total    │ 13  100%  │ 312  100%  │ 212  67.9% │ 65  20.8% │     35 │ 11.0 KB │
└──────────┴───────────┴────────────┴────────────┴───────────┴────────┴─────────┘

