===> list
Details.

                      13 files                                416.8 KB total - 32.1 KB average
Rust         ->    9,008 lines { 6,122 code (67.96%)  +  505 comments (5.61%)  +  2,381 extra }
                         enums: 11, structs: 29, traits: 1

                       4 files                                 40.0 KB total - 10.0 KB average
JavaScript   ->    1,200 lines {   900 code (75.00%)  +  120 comments (10.00%)  +    180 extra }
                         classes: 805, functions: 1,204, generators: 17, imports: 342,
                         promises: 96

                       2 files                                  18.8 KB total - 9.4 KB average
HTML         ->      396 lines {   361 code (91.16%)  +    0 comments (0.00%)  +     35 extra }

                       3 files                                   9.0 KB total - 3.0 KB average
Python       ->      250 lines {   200 code (80.00%)  +   20 comments (8.00%)  +     30 extra }
                         classes: 2

                       1 files                                     900 B total - 900 B average
Java         ->       80 lines {    60 code (75.00%)  +    5 comments (6.25%)  +     15 extra }
                         classes: 2, interfaces: 1
──────────────────────────────────────────────────────────────────────────────────────────────
                      23 files                                485.5 KB total - 21.1 KB average
Total        ->   10,934 lines { 7,643 code (69.90%)  +  650 comments (5.94%)  +  2,641 extra }
                         classes: 809, enums: 11, functions: 1,204, generators: 17,
                         imports: 342, interfaces: 1, promises: 96, structs: 29, traits: 1


===> list, keywords hidden
Details.

                      13 files                                416.8 KB total - 32.1 KB average
Rust         ->    9,008 lines { 6,122 code (67.96%)  +  505 comments (5.61%)  +  2,381 extra }

                       4 files                                 40.0 KB total - 10.0 KB average
JavaScript   ->    1,200 lines {   900 code (75.00%)  +  120 comments (10.00%)  +    180 extra }

                       2 files                                  18.8 KB total - 9.4 KB average
HTML         ->      396 lines {   361 code (91.16%)  +    0 comments (0.00%)  +     35 extra }

                       3 files                                   9.0 KB total - 3.0 KB average
Python       ->      250 lines {   200 code (80.00%)  +   20 comments (8.00%)  +     30 extra }

                       1 files                                     900 B total - 900 B average
Java         ->       80 lines {    60 code (75.00%)  +    5 comments (6.25%)  +     15 extra }

===> list, with nested languages
Details.

                           13 files                                416.8 KB total - 32.1 KB average
Rust              ->    9,008 lines { 6,122 code (67.96%)  +  505 comments (5.61%)  +  2,381 extra }

                            4 files                                 40.0 KB total - 10.0 KB average
JavaScript        ->    1,200 lines {   900 code (75.00%)  +  120 comments (10.00%)  +    180 extra }

                            2 files                                  18.8 KB total - 9.4 KB average
HTML              ->      396 lines {   361 code (91.16%)  +    0 comments (0.00%)  +     35 extra }
 ├─ HTML itself   ->       96 lines {    88 code (91.67%)  +    0 comments (0.00%)  +      8 extra }
 ├─ JavaScript    ->      200 lines {   182 code (91.00%)  +    0 comments (0.00%)  +     18 extra }
 └─ Python        ->      100 lines {    91 code (91.00%)  +    0 comments (0.00%)  +      9 extra }

                            3 files                                   9.0 KB total - 3.0 KB average
Python            ->      250 lines {   200 code (80.00%)  +   20 comments (8.00%)  +     30 extra }

                            1 files                                     900 B total - 900 B average
Java              ->       80 lines {    60 code (75.00%)  +    5 comments (6.25%)  +     15 extra }

===> table
Language      Files  %          ⌄ Lines  %           Code  %         Comments  %         Extra        Size
──────────────────────────────────────────────────────────────────────────────────────────────────────────
Rust             13  56.52%       9,008  82.39%     6,122  67.96%         505  5.61%     2,381    416.8 KB
JavaScript        4  17.39%       1,200  10.97%       900  75.00%         120  10.00%      180     40.0 KB
HTML              2  8.70%          396  3.62%        361  91.16%           0  0.00%        35     18.8 KB
Python            3  13.04%         250  2.29%        200  80.00%          20  8.00%        30      9.0 KB
Java              1  4.35%           80  0.73%         60  75.00%           5  6.25%        15       900 B
──────────────────────────────────────────────────────────────────────────────────────────────────────────
Total            23  100.00%     10,934  100.00%    7,643  69.90%         650  5.94%     2,641    485.5 KB
Rust         enums: 11, structs: 29, traits: 1
JavaScript   classes: 805, functions: 1,204, generators: 17, imports: 342, promises: 96
Python       classes: 2
Java         classes: 2, interfaces: 1

===> table, with nested languages
Language           Files  %          ⌄ Lines  %           Code  %         Comments  %         Extra        Size
───────────────────────────────────────────────────────────────────────────────────────────────────────────────
Rust                  13  56.52%       9,008  82.39%     6,122  67.96%         505  5.61%     2,381    416.8 KB

JavaScript             4  17.39%       1,200  10.97%       900  75.00%         120  10.00%      180     40.0 KB

HTML                   2  8.70%          396  3.62%        361  91.16%           0  0.00%        35     18.8 KB
 ├─ HTML itself        2  100.00%         96  24.24%        88  91.67%           0  0.00%         8     12.8 KB
 ├─ JavaScript         2  100.00%        200  50.51%       182  91.00%           0  0.00%        18      4.0 KB
 └─ Python             1  50.00%         100  25.25%        91  91.00%           0  0.00%         9      2.0 KB

Python                 3  13.04%         250  2.29%        200  80.00%          20  8.00%        30      9.0 KB

Java                   1  4.35%           80  0.73%         60  75.00%           5  6.25%        15       900 B
───────────────────────────────────────────────────────────────────────────────────────────────────────────────
Total                 23  100.00%     10,934  100.00%    7,643  69.90%         650  5.94%     2,641    485.5 KB

===> boxed
┌────────────┬─────────────┬─────────────────┬───────────────┬─────────────┬───────┬──────────┐
│  Language  │    Files    │     ⌄ Lines     │     Code      │  Comments   │ Extra │   Size   │
├────────────┼─────────────┼─────────────────┼───────────────┼─────────────┼───────┼──────────┤
│ Rust       │ 13  56.52%  │  9,008  82.39%  │ 6,122  67.96% │ 505  5.61%  │ 2,381 │ 416.8 KB │
├╌╌╌╌╌╌╌╌╌╌╌╌┼╌╌╌╌╌╌╌╌╌╌╌╌╌┼╌╌╌╌╌╌╌╌╌╌╌╌╌╌╌╌╌┼╌╌╌╌╌╌╌╌╌╌╌╌╌╌╌┼╌╌╌╌╌╌╌╌╌╌╌╌╌┼╌╌╌╌╌╌╌┼╌╌╌╌╌╌╌╌╌╌┤
│ JavaScript │  4  17.39%  │  1,200  10.97%  │   900  75.00% │ 120  10.00% │   180 │  40.0 KB │
├╌╌╌╌╌╌╌╌╌╌╌╌┼╌╌╌╌╌╌╌╌╌╌╌╌╌┼╌╌╌╌╌╌╌╌╌╌╌╌╌╌╌╌╌┼╌╌╌╌╌╌╌╌╌╌╌╌╌╌╌┼╌╌╌╌╌╌╌╌╌╌╌╌╌┼╌╌╌╌╌╌╌┼╌╌╌╌╌╌╌╌╌╌┤
│ HTML       │  2  8.70%   │    396  3.62%   │   361  91.16% │   0  0.00%  │    35 │  18.8 KB │
├╌╌╌╌╌╌╌╌╌╌╌╌┼╌╌╌╌╌╌╌╌╌╌╌╌╌┼╌╌╌╌╌╌╌╌╌╌╌╌╌╌╌╌╌┼╌╌╌╌╌╌╌╌╌╌╌╌╌╌╌┼╌╌╌╌╌╌╌╌╌╌╌╌╌┼╌╌╌╌╌╌╌┼╌╌╌╌╌╌╌╌╌╌┤
│ Python     │  3  13.04%  │    250  2.29%   │   200  80.00% │  20  8.00%  │    30 │   9.0 KB │
├╌╌╌╌╌╌╌╌╌╌╌╌┼╌╌╌╌╌╌╌╌╌╌╌╌╌┼╌╌╌╌╌╌╌╌╌╌╌╌╌╌╌╌╌┼╌╌╌╌╌╌╌╌╌╌╌╌╌╌╌┼╌╌╌╌╌╌╌╌╌╌╌╌╌┼╌╌╌╌╌╌╌┼╌╌╌╌╌╌╌╌╌╌┤
│ Java       │  1  4.35%   │     80  0.73%   │    60  75.00% │   5  6.25%  │    15 │    900 B │
├────────────┼─────────────┼─────────────────┼───────────────┼─────────────┼───────┼──────────┤
│ Total      │ 23  100.00% │ 10,934  100.00% │ 7,643  69.90% │ 650  5.94%  │ 2,641 │ 485.5 KB │
└────────────┴─────────────┴─────────────────┴───────────────┴─────────────┴───────┴──────────┘
Rust         enums: 11, structs: 29, traits: 1
JavaScript   classes: 805, functions: 1,204, generators: 17, imports: 342, promises: 96
Python       classes: 2
Java         classes: 2, interfaces: 1

===> boxed, with nested languages
┌─────────────────┬─────────────┬─────────────────┬───────────────┬─────────────┬───────┬──────────┐
│    Language     │    Files    │     ⌄ Lines     │     Code      │  Comments   │ Extra │   Size   │
├─────────────────┼─────────────┼─────────────────┼───────────────┼─────────────┼───────┼──────────┤
│ Rust            │ 13  56.52%  │  9,008  82.39%  │ 6,122  67.96% │ 505  5.61%  │ 2,381 │ 416.8 KB │
├╌╌╌╌╌╌╌╌╌╌╌╌╌╌╌╌╌┼╌╌╌╌╌╌╌╌╌╌╌╌╌┼╌╌╌╌╌╌╌╌╌╌╌╌╌╌╌╌╌┼╌╌╌╌╌╌╌╌╌╌╌╌╌╌╌┼╌╌╌╌╌╌╌╌╌╌╌╌╌┼╌╌╌╌╌╌╌┼╌╌╌╌╌╌╌╌╌╌┤
│ JavaScript      │  4  17.39%  │  1,200  10.97%  │   900  75.00% │ 120  10.00% │   180 │  40.0 KB │
├╌╌╌╌╌╌╌╌╌╌╌╌╌╌╌╌╌┼╌╌╌╌╌╌╌╌╌╌╌╌╌┼╌╌╌╌╌╌╌╌╌╌╌╌╌╌╌╌╌┼╌╌╌╌╌╌╌╌╌╌╌╌╌╌╌┼╌╌╌╌╌╌╌╌╌╌╌╌╌┼╌╌╌╌╌╌╌┼╌╌╌╌╌╌╌╌╌╌┤
│ HTML            │  2  8.70%   │    396  3.62%   │   361  91.16% │   0  0.00%  │    35 │  18.8 KB │
├╌╌╌╌╌╌╌╌╌╌╌╌╌╌╌╌╌┼╌╌╌╌╌╌╌╌╌╌╌╌╌┼╌╌╌╌╌╌╌╌╌╌╌╌╌╌╌╌╌┼╌╌╌╌╌╌╌╌╌╌╌╌╌╌╌┼╌╌╌╌╌╌╌╌╌╌╌╌╌┼╌╌╌╌╌╌╌┼╌╌╌╌╌╌╌╌╌╌┤
│  › HTML itself  │  2  100.00% │     96  24.24%  │    88  91.67% │   0  0.00%  │     8 │  12.8 KB │
├╌╌╌╌╌╌╌╌╌╌╌╌╌╌╌╌╌┼╌╌╌╌╌╌╌╌╌╌╌╌╌┼╌╌╌╌╌╌╌╌╌╌╌╌╌╌╌╌╌┼╌╌╌╌╌╌╌╌╌╌╌╌╌╌╌┼╌╌╌╌╌╌╌╌╌╌╌╌╌┼╌╌╌╌╌╌╌┼╌╌╌╌╌╌╌╌╌╌┤
│  › JavaScript   │  2  100.00% │    200  50.51%  │   182  91.00% │   0  0.00%  │    18 │   4.0 KB │
├╌╌╌╌╌╌╌╌╌╌╌╌╌╌╌╌╌┼╌╌╌╌╌╌╌╌╌╌╌╌╌┼╌╌╌╌╌╌╌╌╌╌╌╌╌╌╌╌╌┼╌╌╌╌╌╌╌╌╌╌╌╌╌╌╌┼╌╌╌╌╌╌╌╌╌╌╌╌╌┼╌╌╌╌╌╌╌┼╌╌╌╌╌╌╌╌╌╌┤
│  › Python       │  1  50.00%  │    100  25.25%  │    91  91.00% │   0  0.00%  │     9 │   2.0 KB │
├╌╌╌╌╌╌╌╌╌╌╌╌╌╌╌╌╌┼╌╌╌╌╌╌╌╌╌╌╌╌╌┼╌╌╌╌╌╌╌╌╌╌╌╌╌╌╌╌╌┼╌╌╌╌╌╌╌╌╌╌╌╌╌╌╌┼╌╌╌╌╌╌╌╌╌╌╌╌╌┼╌╌╌╌╌╌╌┼╌╌╌╌╌╌╌╌╌╌┤
│ Python          │  3  13.04%  │    250  2.29%   │   200  80.00% │  20  8.00%  │    30 │   9.0 KB │
├╌╌╌╌╌╌╌╌╌╌╌╌╌╌╌╌╌┼╌╌╌╌╌╌╌╌╌╌╌╌╌┼╌╌╌╌╌╌╌╌╌╌╌╌╌╌╌╌╌┼╌╌╌╌╌╌╌╌╌╌╌╌╌╌╌┼╌╌╌╌╌╌╌╌╌╌╌╌╌┼╌╌╌╌╌╌╌┼╌╌╌╌╌╌╌╌╌╌┤
│ Java            │  1  4.35%   │     80  0.73%   │    60  75.00% │   5  6.25%  │    15 │    900 B │
├─────────────────┼─────────────┼─────────────────┼───────────────┼─────────────┼───────┼──────────┤
│ Total           │ 23  100.00% │ 10,934  100.00% │ 7,643  69.90% │ 650  5.94%  │ 2,641 │ 485.5 KB │
└─────────────────┴─────────────┴─────────────────┴───────────────┴─────────────┴───────┴──────────┘

===> list, with files
Details.

                                                 13 files                                416.8 KB total - 32.1 KB average
Rust                                    ->    9,008 lines { 6,122 code (67.96%)  +  505 comments (5.61%)  +  2,381 extra }

                                                  4 files                                 40.0 KB total - 10.0 KB average
JavaScript                              ->    1,200 lines {   900 code (75.00%)  +  120 comments (10.00%)  +    180 extra }

                                                  2 files                                  18.8 KB total - 9.4 KB average
HTML                                    ->      396 lines {   361 code (91.16%)  +    0 comments (0.00%)  +     35 extra }
 ├─ HTML itself                         ->       96 lines {    88 code (91.67%)  +    0 comments (0.00%)  +      8 extra }
 ├─ JavaScript                          ->      200 lines {   182 code (91.00%)  +    0 comments (0.00%)  +     18 extra }
 └─ Python                              ->      100 lines {    91 code (91.00%)  +    0 comments (0.00%)  +      9 extra }
 ├──▫ src/components/Views/Learn.html   ->      300 lines {   275 code (91.67%)  +    0 comments (0.00%)  +     25 extra }
 └──▫ index.html                        ->       96 lines {    86 code (89.58%)  +    0 comments (0.00%)  +     10 extra }

                                                  3 files                                   9.0 KB total - 3.0 KB average
Python                                  ->      250 lines {   200 code (80.00%)  +   20 comments (8.00%)  +     30 extra }
 ├──▫ app/models/repository.py          ->      120 lines {    95 code (79.17%)  +   10 comments (8.33%)  +     15 extra }
 ├──▫ app/main.py                       ->       80 lines {    65 code (81.25%)  +    6 comments (7.50%)  +      9 extra }
 ├──▫ setup.py                          ->       50 lines {    40 code (80.00%)  +    4 comments (8.00%)  +      6 extra }

                                                  1 files                                     900 B total - 900 B average
Java                                    ->       80 lines {    60 code (75.00%)  +    5 comments (6.25%)  +     15 extra }

===> table, with files
Language                                 Files  %          ⌄ Lines  %           Code  %         Comments  %         Extra        Size
─────────────────────────────────────────────────────────────────────────────────────────────────────────────────────────────────────
Rust                                        13  56.52%       9,008  82.39%     6,122  67.96%         505  5.61%     2,381    416.8 KB

JavaScript                                   4  17.39%       1,200  10.97%       900  75.00%         120  10.00%      180     40.0 KB

HTML                                         2  8.70%          396  3.62%        361  91.16%           0  0.00%        35     18.8 KB
 ├─ HTML itself                              2  100.00%         96  24.24%        88  91.67%           0  0.00%         8     12.8 KB
 ├─ JavaScript                               2  100.00%        200  50.51%       182  91.00%           0  0.00%        18      4.0 KB
 └─ Python                                   1  50.00%         100  25.25%        91  91.00%           0  0.00%         9      2.0 KB
 ├──▫ src/components/Views/Learn.html        1  50.00%         300  75.76%       275  91.67%           0  0.00%        25     14.2 KB
 └──▫ index.html                             1  50.00%          96  24.24%        86  89.58%           0  0.00%        10      4.6 KB

Python                                       3  13.04%         250  2.29%        200  80.00%          20  8.00%        30      9.0 KB
 ├──▫ app/models/repository.py               1  33.33%         120  48.00%        95  79.17%          10  8.33%        15      4.4 KB
 ├──▫ app/main.py                            1  33.33%          80  32.00%        65  81.25%           6  7.50%         9      3.0 KB
 ├──▫ setup.py                               1  33.33%          50  20.00%        40  80.00%           4  8.00%         6      1.6 KB

Java                                         1  4.35%           80  0.73%         60  75.00%           5  6.25%        15       900 B

(+4 more files hidden by --by-file 1)
─────────────────────────────────────────────────────────────────────────────────────────────────────────────────────────────────────
Total                                       23  100.00%     10,934  100.00%    7,643  69.90%         650  5.94%     2,641    485.5 KB

===> boxed, with files
┌───────────────────────────────────────┬─────────────┬─────────────────┬───────────────┬─────────────┬───────┬──────────┐
│               Language                │    Files    │     ⌄ Lines     │     Code      │  Comments   │ Extra │   Size   │
├───────────────────────────────────────┼─────────────┼─────────────────┼───────────────┼─────────────┼───────┼──────────┤
│ Rust                                  │ 13  56.52%  │  9,008  82.39%  │ 6,122  67.96% │ 505  5.61%  │ 2,381 │ 416.8 KB │
├╌╌╌╌╌╌╌╌╌╌╌╌╌╌╌╌╌╌╌╌╌╌╌╌╌╌╌╌╌╌╌╌╌╌╌╌╌╌╌┼╌╌╌╌╌╌╌╌╌╌╌╌╌┼╌╌╌╌╌╌╌╌╌╌╌╌╌╌╌╌╌┼╌╌╌╌╌╌╌╌╌╌╌╌╌╌╌┼╌╌╌╌╌╌╌╌╌╌╌╌╌┼╌╌╌╌╌╌╌┼╌╌╌╌╌╌╌╌╌╌┤
│ JavaScript                            │  4  17.39%  │  1,200  10.97%  │   900  75.00% │ 120  10.00% │   180 │  40.0 KB │
├╌╌╌╌╌╌╌╌╌╌╌╌╌╌╌╌╌╌╌╌╌╌╌╌╌╌╌╌╌╌╌╌╌╌╌╌╌╌╌┼╌╌╌╌╌╌╌╌╌╌╌╌╌┼╌╌╌╌╌╌╌╌╌╌╌╌╌╌╌╌╌┼╌╌╌╌╌╌╌╌╌╌╌╌╌╌╌┼╌╌╌╌╌╌╌╌╌╌╌╌╌┼╌╌╌╌╌╌╌┼╌╌╌╌╌╌╌╌╌╌┤
│ HTML                                  │  2  8.70%   │    396  3.62%   │   361  91.16% │   0  0.00%  │    35 │  18.8 KB │
├╌╌╌╌╌╌╌╌╌╌╌╌╌╌╌╌╌╌╌╌╌╌╌╌╌╌╌╌╌╌╌╌╌╌╌╌╌╌╌┼╌╌╌╌╌╌╌╌╌╌╌╌╌┼╌╌╌╌╌╌╌╌╌╌╌╌╌╌╌╌╌┼╌╌╌╌╌╌╌╌╌╌╌╌╌╌╌┼╌╌╌╌╌╌╌╌╌╌╌╌╌┼╌╌╌╌╌╌╌┼╌╌╌╌╌╌╌╌╌╌┤
│   › HTML itself                       │  2  100.00% │     96  24.24%  │    88  91.67% │   0  0.00%  │     8 │  12.8 KB │
├╌╌╌╌╌╌╌╌╌╌╌╌╌╌╌╌╌╌╌╌╌╌╌╌╌╌╌╌╌╌╌╌╌╌╌╌╌╌╌┼╌╌╌╌╌╌╌╌╌╌╌╌╌┼╌╌╌╌╌╌╌╌╌╌╌╌╌╌╌╌╌┼╌╌╌╌╌╌╌╌╌╌╌╌╌╌╌┼╌╌╌╌╌╌╌╌╌╌╌╌╌┼╌╌╌╌╌╌╌┼╌╌╌╌╌╌╌╌╌╌┤
│   › JavaScript                        │  2  100.00% │    200  50.51%  │   182  91.00% │   0  0.00%  │    18 │   4.0 KB │
├╌╌╌╌╌╌╌╌╌╌╌╌╌╌╌╌╌╌╌╌╌╌╌╌╌╌╌╌╌╌╌╌╌╌╌╌╌╌╌┼╌╌╌╌╌╌╌╌╌╌╌╌╌┼╌╌╌╌╌╌╌╌╌╌╌╌╌╌╌╌╌┼╌╌╌╌╌╌╌╌╌╌╌╌╌╌╌┼╌╌╌╌╌╌╌╌╌╌╌╌╌┼╌╌╌╌╌╌╌┼╌╌╌╌╌╌╌╌╌╌┤
│   › Python                            │  1  50.00%  │    100  25.25%  │    91  91.00% │   0  0.00%  │     9 │   2.0 KB │
├╌╌╌╌╌╌╌╌╌╌╌╌╌╌╌╌╌╌╌╌╌╌╌╌╌╌╌╌╌╌╌╌╌╌╌╌╌╌╌┼╌╌╌╌╌╌╌╌╌╌╌╌╌┼╌╌╌╌╌╌╌╌╌╌╌╌╌╌╌╌╌┼╌╌╌╌╌╌╌╌╌╌╌╌╌╌╌┼╌╌╌╌╌╌╌╌╌╌╌╌╌┼╌╌╌╌╌╌╌┼╌╌╌╌╌╌╌╌╌╌┤
│     ▫ src/components/Views/Learn.html │  1  50.00%  │    300  75.76%  │   275  91.67% │   0  0.00%  │    25 │  14.2 KB │
├╌╌╌╌╌╌╌╌╌╌╌╌╌╌╌╌╌╌╌╌╌╌╌╌╌╌╌╌╌╌╌╌╌╌╌╌╌╌╌┼╌╌╌╌╌╌╌╌╌╌╌╌╌┼╌╌╌╌╌╌╌╌╌╌╌╌╌╌╌╌╌┼╌╌╌╌╌╌╌╌╌╌╌╌╌╌╌┼╌╌╌╌╌╌╌╌╌╌╌╌╌┼╌╌╌╌╌╌╌┼╌╌╌╌╌╌╌╌╌╌┤
│     ▫ index.html                      │  1  50.00%  │     96  24.24%  │    86  89.58% │   0  0.00%  │    10 │   4.6 KB │
├╌╌╌╌╌╌╌╌╌╌╌╌╌╌╌╌╌╌╌╌╌╌╌╌╌╌╌╌╌╌╌╌╌╌╌╌╌╌╌┼╌╌╌╌╌╌╌╌╌╌╌╌╌┼╌╌╌╌╌╌╌╌╌╌╌╌╌╌╌╌╌┼╌╌╌╌╌╌╌╌╌╌╌╌╌╌╌┼╌╌╌╌╌╌╌╌╌╌╌╌╌┼╌╌╌╌╌╌╌┼╌╌╌╌╌╌╌╌╌╌┤
│ Python                                │  3  13.04%  │    250  2.29%   │   200  80.00% │  20  8.00%  │    30 │   9.0 KB │
├╌╌╌╌╌╌╌╌╌╌╌╌╌╌╌╌╌╌╌╌╌╌╌╌╌╌╌╌╌╌╌╌╌╌╌╌╌╌╌┼╌╌╌╌╌╌╌╌╌╌╌╌╌┼╌╌╌╌╌╌╌╌╌╌╌╌╌╌╌╌╌┼╌╌╌╌╌╌╌╌╌╌╌╌╌╌╌┼╌╌╌╌╌╌╌╌╌╌╌╌╌┼╌╌╌╌╌╌╌┼╌╌╌╌╌╌╌╌╌╌┤
│     ▫ app/models/repository.py        │  1  33.33%  │    120  48.00%  │    95  79.17% │  10  8.33%  │    15 │   4.4 KB │
├╌╌╌╌╌╌╌╌╌╌╌╌╌╌╌╌╌╌╌╌╌╌╌╌╌╌╌╌╌╌╌╌╌╌╌╌╌╌╌┼╌╌╌╌╌╌╌╌╌╌╌╌╌┼╌╌╌╌╌╌╌╌╌╌╌╌╌╌╌╌╌┼╌╌╌╌╌╌╌╌╌╌╌╌╌╌╌┼╌╌╌╌╌╌╌╌╌╌╌╌╌┼╌╌╌╌╌╌╌┼╌╌╌╌╌╌╌╌╌╌┤
│     ▫ app/main.py                     │  1  33.33%  │     80  32.00%  │    65  81.25% │   6  7.50%  │     9 │   3.0 KB │
├╌╌╌╌╌╌╌╌╌╌╌╌╌╌╌╌╌╌╌╌╌╌╌╌╌╌╌╌╌╌╌╌╌╌╌╌╌╌╌┼╌╌╌╌╌╌╌╌╌╌╌╌╌┼╌╌╌╌╌╌╌╌╌╌╌╌╌╌╌╌╌┼╌╌╌╌╌╌╌╌╌╌╌╌╌╌╌┼╌╌╌╌╌╌╌╌╌╌╌╌╌┼╌╌╌╌╌╌╌┼╌╌╌╌╌╌╌╌╌╌┤
│     ▫ setup.py                        │  1  33.33%  │     50  20.00%  │    40  80.00% │   4  8.00%  │     6 │   1.6 KB │
├╌╌╌╌╌╌╌╌╌╌╌╌╌╌╌╌╌╌╌╌╌╌╌╌╌╌╌╌╌╌╌╌╌╌╌╌╌╌╌┼╌╌╌╌╌╌╌╌╌╌╌╌╌┼╌╌╌╌╌╌╌╌╌╌╌╌╌╌╌╌╌┼╌╌╌╌╌╌╌╌╌╌╌╌╌╌╌┼╌╌╌╌╌╌╌╌╌╌╌╌╌┼╌╌╌╌╌╌╌┼╌╌╌╌╌╌╌╌╌╌┤
│ Java                                  │  1  4.35%   │     80  0.73%   │    60  75.00% │   5  6.25%  │    15 │    900 B │
├╌╌╌╌╌╌╌╌╌╌╌╌╌╌╌╌╌╌╌╌╌╌╌╌╌╌╌╌╌╌╌╌╌╌╌╌╌╌╌┼╌╌╌╌╌╌╌╌╌╌╌╌╌┼╌╌╌╌╌╌╌╌╌╌╌╌╌╌╌╌╌┼╌╌╌╌╌╌╌╌╌╌╌╌╌╌╌┼╌╌╌╌╌╌╌╌╌╌╌╌╌┼╌╌╌╌╌╌╌┼╌╌╌╌╌╌╌╌╌╌┤
│ (+4 more files hidden by --by-file 1)                                                                                  │
├───────────────────────────────────────┼─────────────┼─────────────────┼───────────────┼─────────────┼───────┼──────────┤
│ Total                                 │ 23  100.00% │ 10,934  100.00% │ 7,643  69.90% │ 650  5.94%  │ 2,641 │ 485.5 KB │
└───────────────────────────────────────┴─────────────┴─────────────────┴───────────────┴─────────────┴───────┴──────────┘

===> table, both notes
Language                                 Files  %          ⌄ Lines  %           Code  %         Comments  %         Extra        Size
─────────────────────────────────────────────────────────────────────────────────────────────────────────────────────────────────────
Rust                                        13  56.52%       9,008  82.39%     6,122  67.96%         505  5.61%     2,381    416.8 KB

JavaScript                                   4  17.39%       1,200  10.97%       900  75.00%         120  10.00%      180     40.0 KB

HTML                                         2  8.70%          396  3.62%        361  91.16%           0  0.00%        35     18.8 KB
 ├─ HTML itself                              2  100.00%         96  24.24%        88  91.67%           0  0.00%         8     12.8 KB
 ├─ JavaScript                               2  100.00%        200  50.51%       182  91.00%           0  0.00%        18      4.0 KB
 └─ Python                                   1  50.00%         100  25.25%        91  91.00%           0  0.00%         9      2.0 KB
 ├──▫ src/components/Views/Learn.html        1  50.00%         300  75.76%       275  91.67%           0  0.00%        25     14.2 KB
 └──▫ index.html                             1  50.00%          96  24.24%        86  89.58%           0  0.00%        10      4.6 KB

Python                                       3  13.04%         250  2.29%        200  80.00%          20  8.00%        30      9.0 KB
 ├──▫ app/models/repository.py               1  33.33%         120  48.00%        95  79.17%          10  8.33%        15      4.4 KB
 ├──▫ app/main.py                            1  33.33%          80  32.00%        65  81.25%           6  7.50%         9      3.0 KB
 ├──▫ setup.py                               1  33.33%          50  20.00%        40  80.00%           4  8.00%         6      1.6 KB

(+1 more language hidden by --top 4)
(+4 more files hidden by --by-file 1)
─────────────────────────────────────────────────────────────────────────────────────────────────────────────────────────────────────
Total                                       23  100.00%     10,934  100.00%    7,643  69.90%         650  5.94%     2,641    485.5 KB

===> table, columns hidden
Language           Files    ⌄ Lines     Code    Comments
────────────────────────────────────────────────────────
Rust                  13      9,008    6,122         505

JavaScript             4      1,200      900         120

HTML                   2        396      361           0
 ├─ HTML itself        2         96       88           0
 ├─ JavaScript         2        200      182           0
 └─ Python             1        100       91           0

Python                 3        250      200          20

Java                   1         80       60           5
────────────────────────────────────────────────────────
Total                 23     10,934    7,643         650

===> boxed, columns hidden
┌─────────────────┬───────┬─────────┬───────┬──────────┐
│    Language     │ Files │ ⌄ Lines │ Code  │ Comments │
├─────────────────┼───────┼─────────┼───────┼──────────┤
│ Rust            │    13 │   9,008 │ 6,122 │      505 │
├╌╌╌╌╌╌╌╌╌╌╌╌╌╌╌╌╌┼╌╌╌╌╌╌╌┼╌╌╌╌╌╌╌╌╌┼╌╌╌╌╌╌╌┼╌╌╌╌╌╌╌╌╌╌┤
│ JavaScript      │     4 │   1,200 │   900 │      120 │
├╌╌╌╌╌╌╌╌╌╌╌╌╌╌╌╌╌┼╌╌╌╌╌╌╌┼╌╌╌╌╌╌╌╌╌┼╌╌╌╌╌╌╌┼╌╌╌╌╌╌╌╌╌╌┤
│ HTML            │     2 │     396 │   361 │        0 │
├╌╌╌╌╌╌╌╌╌╌╌╌╌╌╌╌╌┼╌╌╌╌╌╌╌┼╌╌╌╌╌╌╌╌╌┼╌╌╌╌╌╌╌┼╌╌╌╌╌╌╌╌╌╌┤
│  › HTML itself  │     2 │      96 │    88 │        0 │
├╌╌╌╌╌╌╌╌╌╌╌╌╌╌╌╌╌┼╌╌╌╌╌╌╌┼╌╌╌╌╌╌╌╌╌┼╌╌╌╌╌╌╌┼╌╌╌╌╌╌╌╌╌╌┤
│  › JavaScript   │     2 │     200 │   182 │        0 │
├╌╌╌╌╌╌╌╌╌╌╌╌╌╌╌╌╌┼╌╌╌╌╌╌╌┼╌╌╌╌╌╌╌╌╌┼╌╌╌╌╌╌╌┼╌╌╌╌╌╌╌╌╌╌┤
│  › Python       │     1 │     100 │    91 │        0 │
├╌╌╌╌╌╌╌╌╌╌╌╌╌╌╌╌╌┼╌╌╌╌╌╌╌┼╌╌╌╌╌╌╌╌╌┼╌╌╌╌╌╌╌┼╌╌╌╌╌╌╌╌╌╌┤
│ Python          │     3 │     250 │   200 │       20 │
├╌╌╌╌╌╌╌╌╌╌╌╌╌╌╌╌╌┼╌╌╌╌╌╌╌┼╌╌╌╌╌╌╌╌╌┼╌╌╌╌╌╌╌┼╌╌╌╌╌╌╌╌╌╌┤
│ Java            │     1 │      80 │    60 │        5 │
├─────────────────┼───────┼─────────┼───────┼──────────┤
│ Total           │    23 │  10,934 │ 7,643 │      650 │
└─────────────────┴───────┴─────────┴───────┴──────────┘

===> list, columns hidden
Details.

                           13 files
Rust              ->    9,008 lines { 6,122 code  +  505 comments }

                            4 files
JavaScript        ->    1,200 lines {   900 code  +  120 comments }

                            2 files
HTML              ->      396 lines {   361 code  +    0 comments }
 ├─ HTML itself   ->       96 lines {    88 code  +    0 comments }
 ├─ JavaScript    ->      200 lines {   182 code  +    0 comments }
 └─ Python        ->      100 lines {    91 code  +    0 comments }

                            3 files
Python            ->      250 lines {   200 code  +   20 comments }

                            1 files
Java              ->       80 lines {    60 code  +    5 comments }

===> list, no files row
Details.

Rust         ->    9,008 lines { 6,122 code (67.96%)  +  505 comments (5.61%)  +  2,381 extra }

JavaScript   ->    1,200 lines {   900 code (75.00%)  +  120 comments (10.00%)  +    180 extra }

HTML         ->      396 lines {   361 code (91.16%)  +    0 comments (0.00%)  +     35 extra }

Python       ->      250 lines {   200 code (80.00%)  +   20 comments (8.00%)  +     30 extra }

Java         ->       80 lines {    60 code (75.00%)  +    5 comments (6.25%)  +     15 extra }
──────────────────────────────────────────────────────────────────────────────────────────────
Total        ->   10,934 lines { 7,643 code (69.90%)  +  650 comments (5.94%)  +  2,641 extra }


===> overview
Overview.

Files:   56.52% Rust - 17.39% JavaScript - 8.70% HTML - 17.39% others   [-┃┃┃┃┃┃┃┃┃┃┃┃┃┃┃┃┃┃┃┃┃┃┃┃┃┃┃┃┃┃┃┃┃┃┃┃┃┃┃┃┃┃┃┃┃┃┃┃┃┃-]

Lines:   82.39% Rust - 10.97% JavaScript - 3.62% HTML -  3.02% others   [-┃┃┃┃┃┃┃┃┃┃┃┃┃┃┃┃┃┃┃┃┃┃┃┃┃┃┃┃┃┃┃┃┃┃┃┃┃┃┃┃┃┃┃┃┃┃┃┃┃┃-]

Size :   85.85% Rust -  8.24% JavaScript - 3.87% HTML -  2.04% others   [-┃┃┃┃┃┃┃┃┃┃┃┃┃┃┃┃┃┃┃┃┃┃┃┃┃┃┃┃┃┃┃┃┃┃┃┃┃┃┃┃┃┃┃┃┃┃┃┃┃┃-]


===> overview, top 2
Overview.

Files:   56.52% Rust - 17.39% JavaScript - 26.09% others   [-┃┃┃┃┃┃┃┃┃┃┃┃┃┃┃┃┃┃┃┃┃┃┃┃┃┃┃┃┃┃┃┃┃┃┃┃┃┃┃┃┃┃┃┃┃┃┃┃┃┃-]

Lines:   82.39% Rust - 10.97% JavaScript -  6.64% others   [-┃┃┃┃┃┃┃┃┃┃┃┃┃┃┃┃┃┃┃┃┃┃┃┃┃┃┃┃┃┃┃┃┃┃┃┃┃┃┃┃┃┃┃┃┃┃┃┃┃┃-]

Size :   85.85% Rust -  8.24% JavaScript -  5.91% others   [-┃┃┃┃┃┃┃┃┃┃┃┃┃┃┃┃┃┃┃┃┃┃┃┃┃┃┃┃┃┃┃┃┃┃┃┃┃┃┃┃┃┃┃┃┃┃┃┃┃┃-]


===> overview, bar hidden
Overview.

Files:   56.52% Rust - 17.39% JavaScript - 8.70% HTML - 17.39% others

Lines:   82.39% Rust - 10.97% JavaScript - 3.62% HTML -  3.02% others

Size :   85.85% Rust -  8.24% JavaScript - 3.87% HTML -  2.04% others


===> modules, list
Details.

                           6 files                                  58.8 KB total - 9.8 KB average
frontend         ->    1,596 lines { 1,261 code (79.01%)  +  120 comments (7.52%)  +    215 extra }

                           4 files                                 40.0 KB total - 10.0 KB average
    JavaScript   ->    1,200 lines {   900 code (75.00%)  +  120 comments (10.00%)  +    180 extra }
                             classes: 805, functions: 1,204, generators: 17, imports: 342,
                             promises: 96

                           2 files                                  18.8 KB total - 9.4 KB average
    HTML         ->      396 lines {   361 code (91.16%)  +    0 comments (0.00%)  +     35 extra }

                          13 files                                416.8 KB total - 32.1 KB average
backend          ->    9,008 lines { 6,122 code (67.96%)  +  505 comments (5.61%)  +  2,381 extra }

                          13 files                                416.8 KB total - 32.1 KB average
    Rust         ->    9,008 lines { 6,122 code (67.96%)  +  505 comments (5.61%)  +  2,381 extra }
                             enums: 11, structs: 29, traits: 1

                           4 files                                   9.9 KB total - 2.5 KB average
(unnamed)        ->      330 lines {   260 code (78.79%)  +   25 comments (7.58%)  +     45 extra }

                           3 files                                   9.0 KB total - 3.0 KB average
    Python       ->      250 lines {   200 code (80.00%)  +   20 comments (8.00%)  +     30 extra }
                             classes: 2

                           1 files                                     900 B total - 900 B average
    Java         ->       80 lines {    60 code (75.00%)  +    5 comments (6.25%)  +     15 extra }
                             classes: 2, interfaces: 1
──────────────────────────────────────────────────────────────────────────────────────────────────
                          23 files                                485.5 KB total - 21.1 KB average
Total            ->   10,934 lines { 7,643 code (69.90%)  +  650 comments (5.94%)  +  2,641 extra }
                             classes: 809, enums: 11, functions: 1,204, generators: 17,
                             imports: 342, interfaces: 1, promises: 96, structs: 29, traits: 1


===> modules, table
Module          Files  %          ⌄ Lines  %           Code  %         Comments  %         Extra        Size
────────────────────────────────────────────────────────────────────────────────────────────────────────────
frontend            6  26.09%       1,596  14.60%     1,261  79.01%         120  7.52%       215     58.8 KB
  JavaScript        4  66.67%       1,200  75.19%       900  75.00%         120  10.00%      180     40.0 KB
  HTML              2  33.33%         396  24.81%       361  91.16%           0  0.00%        35     18.8 KB

backend            13  56.52%       9,008  82.39%     6,122  67.96%         505  5.61%     2,381    416.8 KB
  Rust             13  100.00%      9,008  100.00%    6,122  67.96%         505  5.61%     2,381    416.8 KB

(unnamed)           4  17.39%         330  3.02%        260  78.79%          25  7.58%        45      9.9 KB
  Python            3  75.00%         250  75.76%       200  80.00%          20  8.00%        30      9.0 KB
  Java              1  25.00%          80  24.24%        60  75.00%           5  6.25%        15       900 B

────────────────────────────────────────────────────────────────────────────────────────────────────────────
Total              23  100.00%     10,934  100.00%    7,643  69.90%         650  5.94%     2,641    485.5 KB
frontend
  JavaScript   classes: 805, functions: 1,204, generators: 17, imports: 342, promises: 96
backend
  Rust         enums: 11, structs: 29, traits: 1
(unnamed)
  Python       classes: 2
  Java         classes: 2, interfaces: 1

===> modules, boxed
┌──────────────┬─────────────┬─────────────────┬───────────────┬─────────────┬───────┬──────────┐
│    Module    │    Files    │     ⌄ Lines     │     Code      │  Comments   │ Extra │   Size   │
├──────────────┼─────────────┼─────────────────┼───────────────┼─────────────┼───────┼──────────┤
│ frontend     │  6  26.09%  │  1,596  14.60%  │ 1,261  79.01% │ 120  7.52%  │   215 │  58.8 KB │
├──────────────┼─────────────┼─────────────────┼───────────────┼─────────────┼───────┼──────────┤
│   JavaScript │  4  66.67%  │  1,200  75.19%  │   900  75.00% │ 120  10.00% │   180 │  40.0 KB │
├╌╌╌╌╌╌╌╌╌╌╌╌╌╌┼╌╌╌╌╌╌╌╌╌╌╌╌╌┼╌╌╌╌╌╌╌╌╌╌╌╌╌╌╌╌╌┼╌╌╌╌╌╌╌╌╌╌╌╌╌╌╌┼╌╌╌╌╌╌╌╌╌╌╌╌╌┼╌╌╌╌╌╌╌┼╌╌╌╌╌╌╌╌╌╌┤
│   HTML       │  2  33.33%  │    396  24.81%  │   361  91.16% │   0  0.00%  │    35 │  18.8 KB │
├──────────────┼─────────────┼─────────────────┼───────────────┼─────────────┼───────┼──────────┤
│ backend      │ 13  56.52%  │  9,008  82.39%  │ 6,122  67.96% │ 505  5.61%  │ 2,381 │ 416.8 KB │
├──────────────┼─────────────┼─────────────────┼───────────────┼─────────────┼───────┼──────────┤
│   Rust       │ 13  100.00% │  9,008  100.00% │ 6,122  67.96% │ 505  5.61%  │ 2,381 │ 416.8 KB │
├──────────────┼─────────────┼─────────────────┼───────────────┼─────────────┼───────┼──────────┤
│ (unnamed)    │  4  17.39%  │    330  3.02%   │   260  78.79% │  25  7.58%  │    45 │   9.9 KB │
├──────────────┼─────────────┼─────────────────┼───────────────┼─────────────┼───────┼──────────┤
│   Python     │  3  75.00%  │    250  75.76%  │   200  80.00% │  20  8.00%  │    30 │   9.0 KB │
├╌╌╌╌╌╌╌╌╌╌╌╌╌╌┼╌╌╌╌╌╌╌╌╌╌╌╌╌┼╌╌╌╌╌╌╌╌╌╌╌╌╌╌╌╌╌┼╌╌╌╌╌╌╌╌╌╌╌╌╌╌╌┼╌╌╌╌╌╌╌╌╌╌╌╌╌┼╌╌╌╌╌╌╌┼╌╌╌╌╌╌╌╌╌╌┤
│   Java       │  1  25.00%  │     80  24.24%  │    60  75.00% │   5  6.25%  │    15 │    900 B │
├──────────────┼─────────────┼─────────────────┼───────────────┼─────────────┼───────┼──────────┤
│ Total        │ 23  100.00% │ 10,934  100.00% │ 7,643  69.90% │ 650  5.94%  │ 2,641 │ 485.5 KB │
└──────────────┴─────────────┴─────────────────┴───────────────┴─────────────┴───────┴──────────┘
frontend
  JavaScript   classes: 805, functions: 1,204, generators: 17, imports: 342, promises: 96
backend
  Rust         enums: 11, structs: 29, traits: 1
(unnamed)
  Python       classes: 2
  Java         classes: 2, interfaces: 1

===> modules, table, top 1
Module          Files  %          ⌄ Lines  %           Code  %         Comments  %         Extra        Size
────────────────────────────────────────────────────────────────────────────────────────────────────────────
frontend            6  26.09%       1,596  14.60%     1,261  79.01%         120  7.52%       215     58.8 KB
  JavaScript        4  66.67%       1,200  75.19%       900  75.00%         120  10.00%      180     40.0 KB

backend            13  56.52%       9,008  82.39%     6,122  67.96%         505  5.61%     2,381    416.8 KB
  Rust             13  100.00%      9,008  100.00%    6,122  67.96%         505  5.61%     2,381    416.8 KB

(unnamed)           4  17.39%         330  3.02%        260  78.79%          25  7.58%        45      9.9 KB
  Python            3  75.00%         250  75.76%       200  80.00%          20  8.00%        30      9.0 KB

(+3 more languages hidden by --top 1)
────────────────────────────────────────────────────────────────────────────────────────────────────────────
Total              23  100.00%     10,934  100.00%    7,643  69.90%         650  5.94%     2,641    485.5 KB

===> modules, table, sorted by name
⌃ Module        Files  %           Lines  %           Code  %         Comments  %         Extra        Size
───────────────────────────────────────────────────────────────────────────────────────────────────────────
frontend            6  26.09%      1,596  14.60%     1,261  79.01%         120  7.52%       215     58.8 KB
  HTML              2  33.33%        396  24.81%       361  91.16%           0  0.00%        35     18.8 KB
  JavaScript        4  66.67%      1,200  75.19%       900  75.00%         120  10.00%      180     40.0 KB

backend            13  56.52%      9,008  82.39%     6,122  67.96%         505  5.61%     2,381    416.8 KB
  Rust             13  100.00%     9,008  100.00%    6,122  67.96%         505  5.61%     2,381    416.8 KB

(unnamed)           4  17.39%        330  3.02%        260  78.79%          25  7.58%        45      9.9 KB
  Java              1  25.00%         80  24.24%        60  75.00%           5  6.25%        15       900 B
  Python            3  75.00%        250  75.76%       200  80.00%          20  8.00%        30      9.0 KB

───────────────────────────────────────────────────────────────────────────────────────────────────────────
Total              23  100.00%    10,934  100.00%    7,643  69.90%         650  5.94%     2,641    485.5 KB

===> modules, matrix
Language               frontend    backend    (unnamed)     Total
Rust                                    13                     13
                              -      9,008            -     9,008
                                     6,122                  6,122

JavaScript                    4                                 4
                          1,200          -            -     1,200
                            900                               900

HTML                          2                                 2
                            396          -            -       396
                            361                               361

Python                                                3         3
                              -          -          250       250
                                                    200       200

Java                                                  1         1
                              -          -           80        80
                                                     60        60
─────────────────────────────────────────────────────────────────
Total         files           6         13            4        23
              lines       1,596      9,008          330    10,934
              code        1,261      6,122          260     7,643

===> modules, matrix, top 2
Language               frontend    backend    (unnamed)     Total
Rust                                    13                     13
                              -      9,008            -     9,008
                                     6,122                  6,122

JavaScript                    4                                 4
                          1,200          -            -     1,200
                            900                               900
─────────────────────────────────────────────────────────────────
Total         files           6         13            4        23
              lines       1,596      9,008          330    10,934
              code        1,261      6,122          260     7,643

===> modules, matrix, no total
Language             frontend    backend    (unnamed)     Total
Rust        files                     13                     13
            lines           -      9,008            -     9,008
            code                   6,122                  6,122

===> comparison
From 'older.json' (2026-07-30 14:22) to 'newer.json' (2026-08-06 09:41)

Language      Files        ⌄ Lines        %           Code        %          Comments       %              Size
─────────────────────────────────────────────────────────────────────────────────────────────────────────────────────────
Rust             13  +2      9,008  +904  +11.15%    6,122  +612  +11.11%         505  +35  +7.45%     416.8 KB  +36.8 KB
JavaScript        4  -1      1,200  -300  -20%         900  -250  -21.74%         120  -20  -14.29%     40.0 KB  -12.0 KB
HTML              2  -         396  -     -            361  -     -                 0  -    -           18.8 KB  -
Python            3  +3        250  +250  new          200  +200  new              20  +20  new          9.0 KB  +9.0 KB
Java              1  -          80  -     -             60  -     -                 5  -    -             900 B  -
Go                0  -2          0  -210  gone           0  -170  gone              0  -12  gone            0 B  -7.0 KB
─────────────────────────────────────────────────────────────────────────────────────────────────────────────────────────
Total            23  +2     10,934  +644  +6.26%     7,643  +392  +5.41%          650  +23  +3.67%     485.5 KB  +26.8 KB
Rust         enums: 11 (+2), structs: 29 (+5), traits: 1
JavaScript   classes: 805 (-95), functions: 1,204, generators: 17, imports: 342 (-58), promises: 96
Python       classes: 2
Java         classes: 2, interfaces: 1

===> comparison, boxed
From 'older.json' (2026-07-30 14:22) to 'newer.json' (2026-08-06 09:41)

┌────────────┬────────┬───────────────────────┬──────────────────────┬───────────────────┬────────────────────┐
│  Language  │ Files  │        ⌄ Lines        │         Code         │     Comments      │        Size        │
├────────────┼────────┼───────────────────────┼──────────────────────┼───────────────────┼────────────────────┤
│ Rust       │ 13  +2 │  9,008  +904  +11.15% │ 6,122  +612  +11.11% │ 505  +35  +7.45%  │ 416.8 KB  +36.8 KB │
├╌╌╌╌╌╌╌╌╌╌╌╌┼╌╌╌╌╌╌╌╌┼╌╌╌╌╌╌╌╌╌╌╌╌╌╌╌╌╌╌╌╌╌╌╌┼╌╌╌╌╌╌╌╌╌╌╌╌╌╌╌╌╌╌╌╌╌╌┼╌╌╌╌╌╌╌╌╌╌╌╌╌╌╌╌╌╌╌┼╌╌╌╌╌╌╌╌╌╌╌╌╌╌╌╌╌╌╌╌┤
│ JavaScript │  4  -1 │  1,200  -300  -20%    │   900  -250  -21.74% │ 120  -20  -14.29% │  40.0 KB  -12.0 KB │
├╌╌╌╌╌╌╌╌╌╌╌╌┼╌╌╌╌╌╌╌╌┼╌╌╌╌╌╌╌╌╌╌╌╌╌╌╌╌╌╌╌╌╌╌╌┼╌╌╌╌╌╌╌╌╌╌╌╌╌╌╌╌╌╌╌╌╌╌┼╌╌╌╌╌╌╌╌╌╌╌╌╌╌╌╌╌╌╌┼╌╌╌╌╌╌╌╌╌╌╌╌╌╌╌╌╌╌╌╌┤
│ HTML       │  2  -  │    396  -             │   361  -             │   0  -            │  18.8 KB  -        │
├╌╌╌╌╌╌╌╌╌╌╌╌┼╌╌╌╌╌╌╌╌┼╌╌╌╌╌╌╌╌╌╌╌╌╌╌╌╌╌╌╌╌╌╌╌┼╌╌╌╌╌╌╌╌╌╌╌╌╌╌╌╌╌╌╌╌╌╌┼╌╌╌╌╌╌╌╌╌╌╌╌╌╌╌╌╌╌╌┼╌╌╌╌╌╌╌╌╌╌╌╌╌╌╌╌╌╌╌╌┤
│ Python     │  3  +3 │    250  +250  new     │   200  +200  new     │  20  +20  new     │   9.0 KB  +9.0 KB  │
├╌╌╌╌╌╌╌╌╌╌╌╌┼╌╌╌╌╌╌╌╌┼╌╌╌╌╌╌╌╌╌╌╌╌╌╌╌╌╌╌╌╌╌╌╌┼╌╌╌╌╌╌╌╌╌╌╌╌╌╌╌╌╌╌╌╌╌╌┼╌╌╌╌╌╌╌╌╌╌╌╌╌╌╌╌╌╌╌┼╌╌╌╌╌╌╌╌╌╌╌╌╌╌╌╌╌╌╌╌┤
│ Java       │  1  -  │     80  -             │    60  -             │   5  -            │    900 B  -        │
├╌╌╌╌╌╌╌╌╌╌╌╌┼╌╌╌╌╌╌╌╌┼╌╌╌╌╌╌╌╌╌╌╌╌╌╌╌╌╌╌╌╌╌╌╌┼╌╌╌╌╌╌╌╌╌╌╌╌╌╌╌╌╌╌╌╌╌╌┼╌╌╌╌╌╌╌╌╌╌╌╌╌╌╌╌╌╌╌┼╌╌╌╌╌╌╌╌╌╌╌╌╌╌╌╌╌╌╌╌┤
│ Go         │  0  -2 │      0  -210  gone    │     0  -170  gone    │   0  -12  gone    │      0 B  -7.0 KB  │
├────────────┼────────┼───────────────────────┼──────────────────────┼───────────────────┼────────────────────┤
│ Total      │ 23  +2 │ 10,934  +644  +6.26%  │ 7,643  +392  +5.41%  │ 650  +23  +3.67%  │ 485.5 KB  +26.8 KB │
└────────────┴────────┴───────────────────────┴──────────────────────┴───────────────────┴────────────────────┘

===> comparison, columns hidden
From 'older.json' (2026-07-30 14:22) to 'newer.json' (2026-08-06 09:41)

Language      ⌄ Lines           Code          Comments
───────────────────────────────────────────────────────────
Rust            9,008  +904    6,122  +612         505  +35
JavaScript      1,200  -300      900  -250         120  -20
HTML              396  -         361  -              0  -
Python            250  +250      200  +200          20  +20
Java               80  -          60  -              5  -
Go                  0  -210        0  -170           0  -12
───────────────────────────────────────────────────────────
Total          10,934  +644    7,643  +392         650  +23

===> comparison, boxed, columns hidden
From 'older.json' (2026-07-30 14:22) to 'newer.json' (2026-08-06 09:41)

┌────────────┬──────────────┬─────────────┬──────────┐
│  Language  │   ⌄ Lines    │    Code     │ Comments │
├────────────┼──────────────┼─────────────┼──────────┤
│ Rust       │  9,008  +904 │ 6,122  +612 │ 505  +35 │
├╌╌╌╌╌╌╌╌╌╌╌╌┼╌╌╌╌╌╌╌╌╌╌╌╌╌╌┼╌╌╌╌╌╌╌╌╌╌╌╌╌┼╌╌╌╌╌╌╌╌╌╌┤
│ JavaScript │  1,200  -300 │   900  -250 │ 120  -20 │
├╌╌╌╌╌╌╌╌╌╌╌╌┼╌╌╌╌╌╌╌╌╌╌╌╌╌╌┼╌╌╌╌╌╌╌╌╌╌╌╌╌┼╌╌╌╌╌╌╌╌╌╌┤
│ HTML       │    396  -    │   361  -    │   0  -   │
├╌╌╌╌╌╌╌╌╌╌╌╌┼╌╌╌╌╌╌╌╌╌╌╌╌╌╌┼╌╌╌╌╌╌╌╌╌╌╌╌╌┼╌╌╌╌╌╌╌╌╌╌┤
│ Python     │    250  +250 │   200  +200 │  20  +20 │
├╌╌╌╌╌╌╌╌╌╌╌╌┼╌╌╌╌╌╌╌╌╌╌╌╌╌╌┼╌╌╌╌╌╌╌╌╌╌╌╌╌┼╌╌╌╌╌╌╌╌╌╌┤
│ Java       │     80  -    │    60  -    │   5  -   │
├╌╌╌╌╌╌╌╌╌╌╌╌┼╌╌╌╌╌╌╌╌╌╌╌╌╌╌┼╌╌╌╌╌╌╌╌╌╌╌╌╌┼╌╌╌╌╌╌╌╌╌╌┤
│ Go         │      0  -210 │     0  -170 │   0  -12 │
├────────────┼──────────────┼─────────────┼──────────┤
│ Total      │ 10,934  +644 │ 7,643  +392 │ 650  +23 │
└────────────┴──────────────┴─────────────┴──────────┘

===> comparison, modules
From 'older.json' (2026-07-30 14:22) to 'newer.json' (2026-08-06 09:41)

Module          Files        ⌄ Lines        %           Code        %          Comments       %              Size
───────────────────────────────────────────────────────────────────────────────────────────────────────────────────────────
frontend            6  -1      1,596  -300  -15.82%    1,261  -250  -16.55%         120  -20  -14.29%     58.8 KB  -12.0 KB
  JavaScript        4  -1      1,200  -300  -20%         900  -250  -21.74%         120  -20  -14.29%     40.0 KB  -12.0 KB
  HTML              2  -         396  -     -            361  -     -                 0  -    -           18.8 KB  -

backend            13  +2      9,008  +904  +11.15%    6,122  +612  +11.11%         505  +35  +7.45%     416.8 KB  +36.8 KB
  Rust             13  +2      9,008  +904  +11.15%    6,122  +612  +11.11%         505  +35  +7.45%     416.8 KB  +36.8 KB

(unnamed)           4  +1        330  +40   +13.79%      260  +30   +13.04%          25  +8   +47.06%      9.9 KB  +2.0 KB
  Python            3  +3        250  +250  new          200  +200  new              20  +20  new          9.0 KB  +9.0 KB
  Java              1  -          80  -     -             60  -     -                 5  -    -             900 B  -
  Go                0  -2          0  -210  gone           0  -170  gone              0  -12  gone            0 B  -7.0 KB

───────────────────────────────────────────────────────────────────────────────────────────────────────────────────────────
Total              23  +2     10,934  +644  +6.26%     7,643  +392  +5.41%          650  +23  +3.67%     485.5 KB  +26.8 KB
frontend
  JavaScript   classes: 805 (-95), functions: 1,204, generators: 17, imports: 342 (-58), promises: 96
backend
  Rust         enums: 11 (+2), structs: 29 (+5), traits: 1
(unnamed)
  Python       classes: 2
  Java         classes: 2, interfaces: 1

===> comparison, modules, boxed
From 'older.json' (2026-07-30 14:22) to 'newer.json' (2026-08-06 09:41)

┌──────────────┬────────┬───────────────────────┬──────────────────────┬───────────────────┬────────────────────┐
│    Module    │ Files  │        ⌄ Lines        │         Code         │     Comments      │        Size        │
├──────────────┼────────┼───────────────────────┼──────────────────────┼───────────────────┼────────────────────┤
│ frontend     │  6  -1 │  1,596  -300  -15.82% │ 1,261  -250  -16.55% │ 120  -20  -14.29% │  58.8 KB  -12.0 KB │
├──────────────┼────────┼───────────────────────┼──────────────────────┼───────────────────┼────────────────────┤
│   JavaScript │  4  -1 │  1,200  -300  -20%    │   900  -250  -21.74% │ 120  -20  -14.29% │  40.0 KB  -12.0 KB │
├╌╌╌╌╌╌╌╌╌╌╌╌╌╌┼╌╌╌╌╌╌╌╌┼╌╌╌╌╌╌╌╌╌╌╌╌╌╌╌╌╌╌╌╌╌╌╌┼╌╌╌╌╌╌╌╌╌╌╌╌╌╌╌╌╌╌╌╌╌╌┼╌╌╌╌╌╌╌╌╌╌╌╌╌╌╌╌╌╌╌┼╌╌╌╌╌╌╌╌╌╌╌╌╌╌╌╌╌╌╌╌┤
│   HTML       │  2  -  │    396  -             │   361  -             │   0  -            │  18.8 KB  -        │
├──────────────┼────────┼───────────────────────┼──────────────────────┼───────────────────┼────────────────────┤
│ backend      │ 13  +2 │  9,008  +904  +11.15% │ 6,122  +612  +11.11% │ 505  +35  +7.45%  │ 416.8 KB  +36.8 KB │
├──────────────┼────────┼───────────────────────┼──────────────────────┼───────────────────┼────────────────────┤
│   Rust       │ 13  +2 │  9,008  +904  +11.15% │ 6,122  +612  +11.11% │ 505  +35  +7.45%  │ 416.8 KB  +36.8 KB │
├──────────────┼────────┼───────────────────────┼──────────────────────┼───────────────────┼────────────────────┤
│ (unnamed)    │  4  +1 │    330  +40  +13.79%  │   260  +30  +13.04%  │  25  +8  +47.06%  │   9.9 KB  +2.0 KB  │
├──────────────┼────────┼───────────────────────┼──────────────────────┼───────────────────┼────────────────────┤
│   Python     │  3  +3 │    250  +250  new     │   200  +200  new     │  20  +20  new     │   9.0 KB  +9.0 KB  │
├╌╌╌╌╌╌╌╌╌╌╌╌╌╌┼╌╌╌╌╌╌╌╌┼╌╌╌╌╌╌╌╌╌╌╌╌╌╌╌╌╌╌╌╌╌╌╌┼╌╌╌╌╌╌╌╌╌╌╌╌╌╌╌╌╌╌╌╌╌╌┼╌╌╌╌╌╌╌╌╌╌╌╌╌╌╌╌╌╌╌┼╌╌╌╌╌╌╌╌╌╌╌╌╌╌╌╌╌╌╌╌┤
│   Java       │  1  -  │     80  -             │    60  -             │   5  -            │    900 B  -        │
├╌╌╌╌╌╌╌╌╌╌╌╌╌╌┼╌╌╌╌╌╌╌╌┼╌╌╌╌╌╌╌╌╌╌╌╌╌╌╌╌╌╌╌╌╌╌╌┼╌╌╌╌╌╌╌╌╌╌╌╌╌╌╌╌╌╌╌╌╌╌┼╌╌╌╌╌╌╌╌╌╌╌╌╌╌╌╌╌╌╌┼╌╌╌╌╌╌╌╌╌╌╌╌╌╌╌╌╌╌╌╌┤
│   Go         │  0  -2 │      0  -210  gone    │     0  -170  gone    │   0  -12  gone    │      0 B  -7.0 KB  │
├──────────────┼────────┼───────────────────────┼──────────────────────┼───────────────────┼────────────────────┤
│ Total        │ 23  +2 │ 10,934  +644  +6.26%  │ 7,643  +392  +5.41%  │ 650  +23  +3.67%  │ 485.5 KB  +26.8 KB │
└──────────────┴────────┴───────────────────────┴──────────────────────┴───────────────────┴────────────────────┘
frontend
  JavaScript   classes: 805 (-95), functions: 1,204, generators: 17, imports: 342 (-58), promises: 96
backend
  Rust         enums: 11 (+2), structs: 29 (+5), traits: 1
(unnamed)
  Python       classes: 2
  Java         classes: 2, interfaces: 1

===> comparison, modules, top 1
From 'older.json' (2026-07-30 14:22) to 'newer.json' (2026-08-06 09:41)

Module          Files        ⌄ Lines        %           Code        %          Comments       %              Size
───────────────────────────────────────────────────────────────────────────────────────────────────────────────────────────
frontend            6  -1      1,596  -300  -15.82%    1,261  -250  -16.55%         120  -20  -14.29%     58.8 KB  -12.0 KB
  JavaScript        4  -1      1,200  -300  -20%         900  -250  -21.74%         120  -20  -14.29%     40.0 KB  -12.0 KB

backend            13  +2      9,008  +904  +11.15%    6,122  +612  +11.11%         505  +35  +7.45%     416.8 KB  +36.8 KB
  Rust             13  +2      9,008  +904  +11.15%    6,122  +612  +11.11%         505  +35  +7.45%     416.8 KB  +36.8 KB

(unnamed)           4  +1        330  +40   +13.79%      260  +30   +13.04%          25  +8   +47.06%      9.9 KB  +2.0 KB
  Python            3  +3        250  +250  new          200  +200  new              20  +20  new          9.0 KB  +9.0 KB

───────────────────────────────────────────────────────────────────────────────────────────────────────────────────────────
Total              23  +2     10,934  +644  +6.26%     7,643  +392  +5.41%          650  +23  +3.67%     485.5 KB  +26.8 KB

===> every class, content, list
Details.

               9 files                              8.0 KB total - 888 B average
Rust    ->   207 lines { 107 code (51.69%)  +  49 comments (23.67%)  +  51 extra }

               4 files                              3.0 KB total - 750 B average
Lua     ->   105 lines {  63 code (60.00%)  +  17 comments (16.19%)  +  25 extra }

===> every class, content, table
Language    Files  %          ⌄ Lines  %          Code  %         Comments  %         Extra       Size
──────────────────────────────────────────────────────────────────────────────────────────────────────
Rust            9  69.23%         207  66.35%      107  51.69%          49  23.67%       51     8.0 KB
Lua             4  30.77%         105  33.65%       63  60.00%          17  16.19%       25     3.0 KB
──────────────────────────────────────────────────────────────────────────────────────────────────────
Total          13  100.00%        312  100.00%     170  54.49%          66  21.15%       76    11.0 KB

===> every class, content, boxed
┌──────────┬─────────────┬──────────────┬─────────────┬────────────┬───────┬─────────┐
│ Language │    Files    │   ⌄ Lines    │    Code     │  Comments  │ Extra │  Size   │
├──────────┼─────────────┼──────────────┼─────────────┼────────────┼───────┼─────────┤
│ Rust     │  9  69.23%  │ 207  66.35%  │ 107  51.69% │ 49  23.67% │    51 │  8.0 KB │
├╌╌╌╌╌╌╌╌╌╌┼╌╌╌╌╌╌╌╌╌╌╌╌╌┼╌╌╌╌╌╌╌╌╌╌╌╌╌╌┼╌╌╌╌╌╌╌╌╌╌╌╌╌┼╌╌╌╌╌╌╌╌╌╌╌╌┼╌╌╌╌╌╌╌┼╌╌╌╌╌╌╌╌╌┤
│ Lua      │  4  30.77%  │ 105  33.65%  │  63  60.00% │ 17  16.19% │    25 │  3.0 KB │
├──────────┼─────────────┼──────────────┼─────────────┼────────────┼───────┼─────────┤
│ Total    │ 13  100.00% │ 312  100.00% │ 170  54.49% │ 66  21.15% │    76 │ 11.0 KB │
└──────────┴─────────────┴──────────────┴─────────────┴────────────┴───────┴─────────┘

===> every class, region, list
Details.

               9 files                               8.0 KB total - 888 B average
Rust    ->   207 lines { 137 code (66.18%)  +  45 comments (21.74%)  +  25 blanks }

               4 files                               3.0 KB total - 750 B average
Lua     ->   105 lines {  75 code (71.43%)  +  20 comments (19.05%)  +  10 blanks }

===> every class, region, table
Language    Files  %          ⌄ Lines  %          Code  %         Comments  %         Blanks       Size
───────────────────────────────────────────────────────────────────────────────────────────────────────
Rust            9  69.23%         207  66.35%      137  66.18%          45  21.74%        25     8.0 KB
Lua             4  30.77%         105  33.65%       75  71.43%          20  19.05%        10     3.0 KB
───────────────────────────────────────────────────────────────────────────────────────────────────────
Total          13  100.00%        312  100.00%     212  67.95%          65  20.83%        35    11.0 KB

===> every class, region, boxed
┌──────────┬─────────────┬──────────────┬─────────────┬────────────┬────────┬─────────┐
│ Language │    Files    │   ⌄ Lines    │    Code     │  Comments  │ Blanks │  Size   │
├──────────┼─────────────┼──────────────┼─────────────┼────────────┼────────┼─────────┤
│ Rust     │  9  69.23%  │ 207  66.35%  │ 137  66.18% │ 45  21.74% │     25 │  8.0 KB │
├╌╌╌╌╌╌╌╌╌╌┼╌╌╌╌╌╌╌╌╌╌╌╌╌┼╌╌╌╌╌╌╌╌╌╌╌╌╌╌┼╌╌╌╌╌╌╌╌╌╌╌╌╌┼╌╌╌╌╌╌╌╌╌╌╌╌┼╌╌╌╌╌╌╌╌┼╌╌╌╌╌╌╌╌╌┤
│ Lua      │  4  30.77%  │ 105  33.65%  │  75  71.43% │ 20  19.05% │     10 │  3.0 KB │
├──────────┼─────────────┼──────────────┼─────────────┼────────────┼────────┼─────────┤
│ Total    │ 13  100.00% │ 312  100.00% │ 212  67.95% │ 65  20.83% │     35 │ 11.0 KB │
└──────────┴─────────────┴──────────────┴─────────────┴────────────┴────────┴─────────┘

