files=34 lines=411 code=206 comments=112

Assembly
  files=1 lines=10 code=4 comments=5
CMake
  files=1 lines=14 code=6 comments=6
  functions=1 macros=0
COBOL
  files=1 lines=8 code=5 comments=2
  divisions=2 programs=1
Carbon
  files=1 lines=8 code=4 comments=1
  classes=1 interfaces=1
Clojure
  files=1 lines=11 code=6 comments=2
  functions=2 macros=1 namespaces=1
D
  files=1 lines=13 code=3 comments=7
  classes=1 interfaces=0 structs=1 templates=0
Dockerfile
  files=1 lines=12 code=6 comments=3
  commands=2 stages=1
Elm
  files=1 lines=11 code=5 comments=4
  types=1
Erlang
  files=1 lines=9 code=4 comments=3
  modules=1 records=0
F#
  files=1 lines=9 code=4 comments=3
  modules=1 types=1
Fortran
  files=1 lines=12 code=8 comments=2
GDScript
  files=1 lines=14 code=7 comments=3
  classes=1 functions=2 signals=1
GLSL
  files=1 lines=10 code=4 comments=3
  structs=1
GraphQL
  files=1 lines=11 code=5 comments=2
  enums=1 inputs=0 interfaces=1 types=1
JS
  files=3 lines=38 code=24 comments=5
  classes=3
Java
  files=1 lines=16 code=7 comments=3
  classes=2 interfaces=1
Julia
  files=1 lines=14 code=8 comments=3
  modules=1 structs=1
Lisp
  files=1 lines=7 code=3 comments=3
  classes=1 functions=1 macros=0
Lua
  files=1 lines=18 code=7 comments=9
  functions=2
Make
  files=1 lines=13 code=7 comments=3
  includes=1
OCaml
  files=1 lines=13 code=5 comments=6
  modules=1 types=1
Objective-C
  files=1 lines=12 code=8 comments=1
  classes=1 protocols=0
Pascal
  files=1 lines=15 code=8 comments=6
  classes=1 records=1
Perl
  files=1 lines=10 code=5 comments=2
  packages=1
PowerShell
  files=1 lines=11 code=4 comments=5
  classes=0
Prolog
  files=1 lines=8 code=4 comments=3
Python
  files=2 lines=28 code=17 comments=5
  classes=3
Rust
  files=1 lines=27 code=14 comments=4
  enums=1 structs=1 traits=1
ShaderLab
  files=1 lines=13 code=5 comments=3
  passes=1 shaders=1 subshaders=1
VHDL
  files=1 lines=9 code=6 comments=2
WAT
  files=1 lines=7 code=3 comments=3
  functions=1 modules=1
